<?xml version="1.0" encoding="ISO-8859-1" ?>
<link_info>
   <banner>MSP430 Linker PC v18.12.1.LTS</banner>
   <copyright>Copyright (c) 2003-2018 Texas Instruments Incorporated</copyright>
   <link_time>0x5d2eb82e</link_time>
   <link_errors>0x0</link_errors>
   <output_file>ECE298.out</output_file>
   <entry_point>
      <name>_c_int00_noargs</name>
      <address>0xe89a</address>
   </entry_point>
   <input_file_list>
      <input_file id="fl-2">
         <path>.\</path>
         <kind>object</kind>
         <file>hal_LCD.obj</file>
         <name>hal_LCD.obj</name>
      </input_file>
      <input_file id="fl-3">
         <path>.\</path>
         <kind>object</kind>
         <file>main.obj</file>
         <name>main.obj</name>
      </input_file>
      <input_file id="fl-4">
         <path>.\driverlib\MSP430FR2xx_4xx\</path>
         <kind>object</kind>
         <file>adc.obj</file>
         <name>adc.obj</name>
      </input_file>
      <input_file id="fl-5">
         <path>.\driverlib\MSP430FR2xx_4xx\</path>
         <kind>object</kind>
         <file>crc.obj</file>
         <name>crc.obj</name>
      </input_file>
      <input_file id="fl-6">
         <path>.\driverlib\MSP430FR2xx_4xx\</path>
         <kind>object</kind>
         <file>cs.obj</file>
         <name>cs.obj</name>
      </input_file>
      <input_file id="fl-7">
         <path>.\driverlib\MSP430FR2xx_4xx\</path>
         <kind>object</kind>
         <file>ecomp.obj</file>
         <name>ecomp.obj</name>
      </input_file>
      <input_file id="fl-8">
         <path>.\driverlib\MSP430FR2xx_4xx\</path>
         <kind>object</kind>
         <file>eusci_a_spi.obj</file>
         <name>eusci_a_spi.obj</name>
      </input_file>
      <input_file id="fl-9">
         <path>.\driverlib\MSP430FR2xx_4xx\</path>
         <kind>object</kind>
         <file>eusci_a_uart.obj</file>
         <name>eusci_a_uart.obj</name>
      </input_file>
      <input_file id="fl-a">
         <path>.\driverlib\MSP430FR2xx_4xx\</path>
         <kind>object</kind>
         <file>eusci_b_i2c.obj</file>
         <name>eusci_b_i2c.obj</name>
      </input_file>
      <input_file id="fl-b">
         <path>.\driverlib\MSP430FR2xx_4xx\</path>
         <kind>object</kind>
         <file>eusci_b_spi.obj</file>
         <name>eusci_b_spi.obj</name>
      </input_file>
      <input_file id="fl-c">
         <path>.\driverlib\MSP430FR2xx_4xx\</path>
         <kind>object</kind>
         <file>framctl.obj</file>
         <name>framctl.obj</name>
      </input_file>
      <input_file id="fl-d">
         <path>.\driverlib\MSP430FR2xx_4xx\</path>
         <kind>object</kind>
         <file>gpio.obj</file>
         <name>gpio.obj</name>
      </input_file>
      <input_file id="fl-e">
         <path>.\driverlib\MSP430FR2xx_4xx\</path>
         <kind>object</kind>
         <file>icc.obj</file>
         <name>icc.obj</name>
      </input_file>
      <input_file id="fl-f">
         <path>.\driverlib\MSP430FR2xx_4xx\</path>
         <kind>object</kind>
         <file>lcd_e.obj</file>
         <name>lcd_e.obj</name>
      </input_file>
      <input_file id="fl-10">
         <path>.\driverlib\MSP430FR2xx_4xx\</path>
         <kind>object</kind>
         <file>mpy32.obj</file>
         <name>mpy32.obj</name>
      </input_file>
      <input_file id="fl-11">
         <path>.\driverlib\MSP430FR2xx_4xx\</path>
         <kind>object</kind>
         <file>pmm.obj</file>
         <name>pmm.obj</name>
      </input_file>
      <input_file id="fl-12">
         <path>.\driverlib\MSP430FR2xx_4xx\</path>
         <kind>object</kind>
         <file>rtc.obj</file>
         <name>rtc.obj</name>
      </input_file>
      <input_file id="fl-13">
         <path>.\driverlib\MSP430FR2xx_4xx\</path>
         <kind>object</kind>
         <file>sac.obj</file>
         <name>sac.obj</name>
      </input_file>
      <input_file id="fl-14">
         <path>.\driverlib\MSP430FR2xx_4xx\</path>
         <kind>object</kind>
         <file>sfr.obj</file>
         <name>sfr.obj</name>
      </input_file>
      <input_file id="fl-15">
         <path>.\driverlib\MSP430FR2xx_4xx\</path>
         <kind>object</kind>
         <file>sysctl.obj</file>
         <name>sysctl.obj</name>
      </input_file>
      <input_file id="fl-16">
         <path>.\driverlib\MSP430FR2xx_4xx\</path>
         <kind>object</kind>
         <file>tia.obj</file>
         <name>tia.obj</name>
      </input_file>
      <input_file id="fl-17">
         <path>.\driverlib\MSP430FR2xx_4xx\</path>
         <kind>object</kind>
         <file>timer_a.obj</file>
         <name>timer_a.obj</name>
      </input_file>
      <input_file id="fl-18">
         <path>.\driverlib\MSP430FR2xx_4xx\</path>
         <kind>object</kind>
         <file>timer_b.obj</file>
         <name>timer_b.obj</name>
      </input_file>
      <input_file id="fl-19">
         <path>.\driverlib\MSP430FR2xx_4xx\</path>
         <kind>object</kind>
         <file>tlv.obj</file>
         <name>tlv.obj</name>
      </input_file>
      <input_file id="fl-1a">
         <path>.\driverlib\MSP430FR2xx_4xx\</path>
         <kind>object</kind>
         <file>wdt_a.obj</file>
         <name>wdt_a.obj</name>
      </input_file>
      <input_file id="fl-1f">
         <kind>object</kind>
         <file>&lt;internal&gt;</file>
         <name>&lt;internal&gt;</name>
      </input_file>
      <input_file id="fl-35">
         <path>C:\ti\ccs901\ccs\tools\compiler\ti-cgt-msp430_18.12.1.LTS\lib\</path>
         <kind>archive</kind>
         <file>rts430x_lc_sd_eabi.lib</file>
         <name>sprintf.c.obj</name>
      </input_file>
      <input_file id="fl-36">
         <path>C:\ti\ccs901\ccs\tools\compiler\ti-cgt-msp430_18.12.1.LTS\lib\</path>
         <kind>archive</kind>
         <file>rts430x_lc_sd_eabi.lib</file>
         <name>div16s.asm.obj</name>
      </input_file>
      <input_file id="fl-37">
         <path>C:\ti\ccs901\ccs\tools\compiler\ti-cgt-msp430_18.12.1.LTS\lib\</path>
         <kind>archive</kind>
         <file>rts430x_lc_sd_eabi.lib</file>
         <name>div16u.asm.obj</name>
      </input_file>
      <input_file id="fl-38">
         <path>C:\ti\ccs901\ccs\tools\compiler\ti-cgt-msp430_18.12.1.LTS\lib\</path>
         <kind>archive</kind>
         <file>rts430x_lc_sd_eabi.lib</file>
         <name>div32s.asm.obj</name>
      </input_file>
      <input_file id="fl-39">
         <path>C:\ti\ccs901\ccs\tools\compiler\ti-cgt-msp430_18.12.1.LTS\lib\</path>
         <kind>archive</kind>
         <file>rts430x_lc_sd_eabi.lib</file>
         <name>div32u.asm.obj</name>
      </input_file>
      <input_file id="fl-3a">
         <path>C:\ti\ccs901\ccs\tools\compiler\ti-cgt-msp430_18.12.1.LTS\lib\</path>
         <kind>archive</kind>
         <file>rts430x_lc_sd_eabi.lib</file>
         <name>fs_add.asm.obj</name>
      </input_file>
      <input_file id="fl-3b">
         <path>C:\ti\ccs901\ccs\tools\compiler\ti-cgt-msp430_18.12.1.LTS\lib\</path>
         <kind>archive</kind>
         <file>rts430x_lc_sd_eabi.lib</file>
         <name>fs_mpy.asm.obj</name>
      </input_file>
      <input_file id="fl-3c">
         <path>C:\ti\ccs901\ccs\tools\compiler\ti-cgt-msp430_18.12.1.LTS\lib\</path>
         <kind>archive</kind>
         <file>rts430x_lc_sd_eabi.lib</file>
         <name>fs_tou.asm.obj</name>
      </input_file>
      <input_file id="fl-3d">
         <path>C:\ti\ccs901\ccs\tools\compiler\ti-cgt-msp430_18.12.1.LTS\lib\</path>
         <kind>archive</kind>
         <file>rts430x_lc_sd_eabi.lib</file>
         <name>int45.asm.obj</name>
      </input_file>
      <input_file id="fl-3e">
         <path>C:\ti\ccs901\ccs\tools\compiler\ti-cgt-msp430_18.12.1.LTS\lib\</path>
         <kind>archive</kind>
         <file>rts430x_lc_sd_eabi.lib</file>
         <name>int46.asm.obj</name>
      </input_file>
      <input_file id="fl-3f">
         <path>C:\ti\ccs901\ccs\tools\compiler\ti-cgt-msp430_18.12.1.LTS\lib\</path>
         <kind>archive</kind>
         <file>rts430x_lc_sd_eabi.lib</file>
         <name>int49.asm.obj</name>
      </input_file>
      <input_file id="fl-40">
         <path>C:\ti\ccs901\ccs\tools\compiler\ti-cgt-msp430_18.12.1.LTS\lib\</path>
         <kind>archive</kind>
         <file>rts430x_lc_sd_eabi.lib</file>
         <name>int50.asm.obj</name>
      </input_file>
      <input_file id="fl-41">
         <path>C:\ti\ccs901\ccs\tools\compiler\ti-cgt-msp430_18.12.1.LTS\lib\</path>
         <kind>archive</kind>
         <file>rts430x_lc_sd_eabi.lib</file>
         <name>int51.asm.obj</name>
      </input_file>
      <input_file id="fl-42">
         <path>C:\ti\ccs901\ccs\tools\compiler\ti-cgt-msp430_18.12.1.LTS\lib\</path>
         <kind>archive</kind>
         <file>rts430x_lc_sd_eabi.lib</file>
         <name>int52.asm.obj</name>
      </input_file>
      <input_file id="fl-43">
         <path>C:\ti\ccs901\ccs\tools\compiler\ti-cgt-msp430_18.12.1.LTS\lib\</path>
         <kind>archive</kind>
         <file>rts430x_lc_sd_eabi.lib</file>
         <name>int54.asm.obj</name>
      </input_file>
      <input_file id="fl-44">
         <path>C:\ti\ccs901\ccs\tools\compiler\ti-cgt-msp430_18.12.1.LTS\lib\</path>
         <kind>archive</kind>
         <file>rts430x_lc_sd_eabi.lib</file>
         <name>int55.asm.obj</name>
      </input_file>
      <input_file id="fl-45">
         <path>C:\ti\ccs901\ccs\tools\compiler\ti-cgt-msp430_18.12.1.LTS\lib\</path>
         <kind>archive</kind>
         <file>rts430x_lc_sd_eabi.lib</file>
         <name>int56.asm.obj</name>
      </input_file>
      <input_file id="fl-46">
         <path>C:\ti\ccs901\ccs\tools\compiler\ti-cgt-msp430_18.12.1.LTS\lib\</path>
         <kind>archive</kind>
         <file>rts430x_lc_sd_eabi.lib</file>
         <name>int57.asm.obj</name>
      </input_file>
      <input_file id="fl-47">
         <path>C:\ti\ccs901\ccs\tools\compiler\ti-cgt-msp430_18.12.1.LTS\lib\</path>
         <kind>archive</kind>
         <file>rts430x_lc_sd_eabi.lib</file>
         <name>int58.asm.obj</name>
      </input_file>
      <input_file id="fl-48">
         <path>C:\ti\ccs901\ccs\tools\compiler\ti-cgt-msp430_18.12.1.LTS\lib\</path>
         <kind>archive</kind>
         <file>rts430x_lc_sd_eabi.lib</file>
         <name>isr_trap.asm.obj</name>
      </input_file>
      <input_file id="fl-49">
         <path>C:\ti\ccs901\ccs\tools\compiler\ti-cgt-msp430_18.12.1.LTS\lib\</path>
         <kind>archive</kind>
         <file>rts430x_lc_sd_eabi.lib</file>
         <name>lsl16.asm.obj</name>
      </input_file>
      <input_file id="fl-4a">
         <path>C:\ti\ccs901\ccs\tools\compiler\ti-cgt-msp430_18.12.1.LTS\lib\</path>
         <kind>archive</kind>
         <file>rts430x_lc_sd_eabi.lib</file>
         <name>lsr16.asm.obj</name>
      </input_file>
      <input_file id="fl-4b">
         <path>C:\ti\ccs901\ccs\tools\compiler\ti-cgt-msp430_18.12.1.LTS\lib\</path>
         <kind>archive</kind>
         <file>rts430x_lc_sd_eabi.lib</file>
         <name>mult32.asm.obj</name>
      </input_file>
      <input_file id="fl-4c">
         <path>C:\ti\ccs901\ccs\tools\compiler\ti-cgt-msp430_18.12.1.LTS\lib\</path>
         <kind>archive</kind>
         <file>rts430x_lc_sd_eabi.lib</file>
         <name>boot.c.obj</name>
      </input_file>
      <input_file id="fl-4d">
         <path>C:\ti\ccs901\ccs\tools\compiler\ti-cgt-msp430_18.12.1.LTS\lib\</path>
         <kind>archive</kind>
         <file>rts430x_lc_sd_eabi.lib</file>
         <name>autoinit.c.obj</name>
      </input_file>
      <input_file id="fl-4e">
         <path>C:\ti\ccs901\ccs\tools\compiler\ti-cgt-msp430_18.12.1.LTS\lib\</path>
         <kind>archive</kind>
         <file>rts430x_lc_sd_eabi.lib</file>
         <name>copy_zero_init.c.obj</name>
      </input_file>
      <input_file id="fl-4f">
         <path>C:\ti\ccs901\ccs\tools\compiler\ti-cgt-msp430_18.12.1.LTS\lib\</path>
         <kind>archive</kind>
         <file>rts430x_lc_sd_eabi.lib</file>
         <name>cpy_tbl.c.obj</name>
      </input_file>
      <input_file id="fl-50">
         <path>C:\ti\ccs901\ccs\tools\compiler\ti-cgt-msp430_18.12.1.LTS\lib\</path>
         <kind>archive</kind>
         <file>rts430x_lc_sd_eabi.lib</file>
         <name>mpu_init.c.obj</name>
      </input_file>
      <input_file id="fl-51">
         <path>C:\ti\ccs901\ccs\tools\compiler\ti-cgt-msp430_18.12.1.LTS\lib\</path>
         <kind>archive</kind>
         <file>rts430x_lc_sd_eabi.lib</file>
         <name>pre_init.c.obj</name>
      </input_file>
      <input_file id="fl-52">
         <path>C:\ti\ccs901\ccs\tools\compiler\ti-cgt-msp430_18.12.1.LTS\lib\</path>
         <kind>archive</kind>
         <file>rts430x_lc_sd_eabi.lib</file>
         <name>startup.c.obj</name>
      </input_file>
      <input_file id="fl-53">
         <path>C:\ti\ccs901\ccs\tools\compiler\ti-cgt-msp430_18.12.1.LTS\lib\</path>
         <kind>archive</kind>
         <file>rts430x_lc_sd_eabi.lib</file>
         <name>copy_decompress_none.c.obj</name>
      </input_file>
      <input_file id="fl-54">
         <path>C:\ti\ccs901\ccs\tools\compiler\ti-cgt-msp430_18.12.1.LTS\lib\</path>
         <kind>archive</kind>
         <file>rts430x_lc_sd_eabi.lib</file>
         <name>copy_decompress_lzss.c.obj</name>
      </input_file>
      <input_file id="fl-55">
         <path>C:\ti\ccs901\ccs\tools\compiler\ti-cgt-msp430_18.12.1.LTS\lib\</path>
         <kind>archive</kind>
         <file>rts430x_lc_sd_eabi.lib</file>
         <name>cmpd.c.obj</name>
      </input_file>
      <input_file id="fl-56">
         <path>C:\ti\ccs901\ccs\tools\compiler\ti-cgt-msp430_18.12.1.LTS\lib\</path>
         <kind>archive</kind>
         <file>rts430x_lc_sd_eabi.lib</file>
         <name>fixdi.c.obj</name>
      </input_file>
      <input_file id="fl-57">
         <path>C:\ti\ccs901\ccs\tools\compiler\ti-cgt-msp430_18.12.1.LTS\lib\</path>
         <kind>archive</kind>
         <file>rts430x_lc_sd_eabi.lib</file>
         <name>fixdli.c.obj</name>
      </input_file>
      <input_file id="fl-58">
         <path>C:\ti\ccs901\ccs\tools\compiler\ti-cgt-msp430_18.12.1.LTS\lib\</path>
         <kind>archive</kind>
         <file>rts430x_lc_sd_eabi.lib</file>
         <name>fltid.c.obj</name>
      </input_file>
      <input_file id="fl-59">
         <path>C:\ti\ccs901\ccs\tools\compiler\ti-cgt-msp430_18.12.1.LTS\lib\</path>
         <kind>archive</kind>
         <file>rts430x_lc_sd_eabi.lib</file>
         <name>fltlid.c.obj</name>
      </input_file>
      <input_file id="fl-5a">
         <path>C:\ti\ccs901\ccs\tools\compiler\ti-cgt-msp430_18.12.1.LTS\lib\</path>
         <kind>archive</kind>
         <file>rts430x_lc_sd_eabi.lib</file>
         <name>mpyd.c.obj</name>
      </input_file>
      <input_file id="fl-5b">
         <path>C:\ti\ccs901\ccs\tools\compiler\ti-cgt-msp430_18.12.1.LTS\lib\</path>
         <kind>archive</kind>
         <file>rts430x_lc_sd_eabi.lib</file>
         <name>subd.c.obj</name>
      </input_file>
      <input_file id="fl-5c">
         <path>C:\ti\ccs901\ccs\tools\compiler\ti-cgt-msp430_18.12.1.LTS\lib\</path>
         <kind>archive</kind>
         <file>rts430x_lc_sd_eabi.lib</file>
         <name>exit.c.obj</name>
      </input_file>
      <input_file id="fl-5d">
         <path>C:\ti\ccs901\ccs\tools\compiler\ti-cgt-msp430_18.12.1.LTS\lib\</path>
         <kind>archive</kind>
         <file>rts430x_lc_sd_eabi.lib</file>
         <name>_lock.c.obj</name>
      </input_file>
      <input_file id="fl-5e">
         <path>C:\ti\ccs901\ccs\tools\compiler\ti-cgt-msp430_18.12.1.LTS\lib\</path>
         <kind>archive</kind>
         <file>rts430x_lc_sd_eabi.lib</file>
         <name>args_main.c.obj</name>
      </input_file>
      <input_file id="fl-5f">
         <path>C:\ti\ccs901\ccs\tools\compiler\ti-cgt-msp430_18.12.1.LTS\lib\</path>
         <kind>archive</kind>
         <file>rts430x_lc_sd_eabi.lib</file>
         <name>memcpy.c.obj</name>
      </input_file>
      <input_file id="fl-60">
         <path>C:\ti\ccs901\ccs\tools\compiler\ti-cgt-msp430_18.12.1.LTS\lib\</path>
         <kind>archive</kind>
         <file>rts430x_lc_sd_eabi.lib</file>
         <name>memory.c.obj</name>
      </input_file>
      <input_file id="fl-61">
         <path>C:\ti\ccs901\ccs\tools\compiler\ti-cgt-msp430_18.12.1.LTS\lib\</path>
         <kind>archive</kind>
         <file>rts430x_lc_sd_eabi.lib</file>
         <name>memset.c.obj</name>
      </input_file>
      <input_file id="fl-62">
         <path>C:\ti\ccs901\ccs\tools\compiler\ti-cgt-msp430_18.12.1.LTS\lib\</path>
         <kind>archive</kind>
         <file>rts430x_lc_sd_eabi.lib</file>
         <name>strcat.c.obj</name>
      </input_file>
      <input_file id="fl-63">
         <path>C:\ti\ccs901\ccs\tools\compiler\ti-cgt-msp430_18.12.1.LTS\lib\</path>
         <kind>archive</kind>
         <file>rts430x_lc_sd_eabi.lib</file>
         <name>strcpy.c.obj</name>
      </input_file>
      <input_file id="fl-64">
         <path>C:\ti\ccs901\ccs\tools\compiler\ti-cgt-msp430_18.12.1.LTS\lib\</path>
         <kind>archive</kind>
         <file>rts430x_lc_sd_eabi.lib</file>
         <name>strlen.c.obj</name>
      </input_file>
      <input_file id="fl-65">
         <path>C:\ti\ccs901\ccs\tools\compiler\ti-cgt-msp430_18.12.1.LTS\lib\</path>
         <kind>archive</kind>
         <file>rts430x_lc_sd_eabi.lib</file>
         <name>_printfi_min.c.obj</name>
      </input_file>
      <input_file id="fl-66">
         <path>C:\ti\ccs901\ccs\tools\compiler\ti-cgt-msp430_18.12.1.LTS\lib\</path>
         <kind>archive</kind>
         <file>rts430x_lc_sd_eabi.lib</file>
         <name>cpy_util.asm.obj</name>
      </input_file>
      <input_file id="fl-67">
         <path>C:\ti\ccs901\ccs\tools\compiler\ti-cgt-msp430_18.12.1.LTS\lib\</path>
         <kind>archive</kind>
         <file>rts430x_lc_sd_eabi.lib</file>
         <name>lsl32.asm.obj</name>
      </input_file>
      <input_file id="fl-68">
         <path>C:\ti\ccs901\ccs\tools\compiler\ti-cgt-msp430_18.12.1.LTS\lib\</path>
         <kind>archive</kind>
         <file>rts430x_lc_sd_eabi.lib</file>
         <name>lsr32.asm.obj</name>
      </input_file>
      <input_file id="fl-69">
         <path>C:\ti\ccs901\ccs\tools\compiler\ti-cgt-msp430_18.12.1.LTS\lib\</path>
         <kind>archive</kind>
         <file>rts430x_lc_sd_eabi.lib</file>
         <name>mult16.asm.obj</name>
      </input_file>
      <input_file id="fl-6a">
         <path>C:\ti\ccs901\ccs\tools\compiler\ti-cgt-msp430_18.12.1.LTS\lib\</path>
         <kind>archive</kind>
         <file>rts430x_lc_sd_eabi.lib</file>
         <name>exit_gvars.c.obj</name>
      </input_file>
      <input_file id="fl-6b">
         <path>C:\ti\ccs901\ccs\tools\compiler\ti-cgt-msp430_18.12.1.LTS\lib\</path>
         <kind>archive</kind>
         <file>rts430x_lc_sd_eabi.lib</file>
         <name>lsr64.c.obj</name>
      </input_file>
      <input_file id="fl-6c">
         <path>C:\ti\ccs901\ccs\tools\compiler\ti-cgt-msp430_18.12.1.LTS\lib\</path>
         <kind>archive</kind>
         <file>rts430x_lc_sd_eabi.lib</file>
         <name>addd.c.obj</name>
      </input_file>
      <input_file id="fl-6d">
         <path>C:\ti\ccs901\ccs\tools\compiler\ti-cgt-msp430_18.12.1.LTS\lib\</path>
         <kind>archive</kind>
         <file>rts430x_lc_sd_eabi.lib</file>
         <name>frcaddd.c.obj</name>
      </input_file>
      <input_file id="fl-6e">
         <path>C:\ti\ccs901\ccs\tools\compiler\ti-cgt-msp430_18.12.1.LTS\lib\</path>
         <kind>archive</kind>
         <file>rts430x_lc_sd_eabi.lib</file>
         <name>frcmpyd.c.obj</name>
      </input_file>
      <input_file id="fl-6f">
         <path>C:\ti\ccs901\ccs\tools\compiler\ti-cgt-msp430_18.12.1.LTS\lib\</path>
         <kind>archive</kind>
         <file>rts430x_lc_sd_eabi.lib</file>
         <name>renormd.c.obj</name>
      </input_file>
      <input_file id="fl-70">
         <path>C:\ti\ccs901\ccs\tools\compiler\ti-cgt-msp430_18.12.1.LTS\lib\</path>
         <kind>archive</kind>
         <file>rts430x_lc_sd_eabi.lib</file>
         <name>memccpy.c.obj</name>
      </input_file>
      <input_file id="fl-71">
         <path>C:\ti\ccs901\ccs\tools\compiler\ti-cgt-msp430_18.12.1.LTS\lib\</path>
         <kind>archive</kind>
         <file>rts430x_lc_sd_eabi.lib</file>
         <name>asr32.asm.obj</name>
      </input_file>
   </input_file_list>
   <object_component_list>
      <object_component id="oc-7d5">
         <name>.cinit..data.load</name>
         <load_address>0xc400</load_address>
         <run_address>0xc400</run_address>
         <size>0x14</size>
      </object_component>
      <object_component id="oc-7d2">
         <name>__TI_handler_table</name>
         <load_address>0xc416</load_address>
         <run_address>0xc416</run_address>
         <size>0xc</size>
      </object_component>
      <object_component id="oc-7d4">
         <name>.cinit..bss.load</name>
         <load_address>0xc422</load_address>
         <run_address>0xc422</run_address>
         <size>0x6</size>
      </object_component>
      <object_component id="oc-7d3">
         <name>__TI_cinit_table</name>
         <load_address>0xc428</load_address>
         <run_address>0xc428</run_address>
         <size>0x10</size>
      </object_component>
      <object_component id="oc-76a">
         <name>.binit</name>
         <load_address>0xc438</load_address>
         <run_address>0xc438</run_address>
         <size>0x0</size>
      </object_component>
      <object_component id="oc-45e">
         <name>.const:.string</name>
         <load_address>0xc438</load_address>
         <run_address>0xc438</run_address>
         <size>0x52</size>
         <input_file_ref idref="fl-3"/>
      </object_component>
      <object_component id="oc-683">
         <name>.const:alphabetBig</name>
         <load_address>0xc48a</load_address>
         <run_address>0xc48a</run_address>
         <size>0x34</size>
         <input_file_ref idref="fl-2"/>
      </object_component>
      <object_component id="oc-375">
         <name>.const:GPIO_PORT_TO_BASE</name>
         <load_address>0xc4be</load_address>
         <run_address>0xc4be</run_address>
         <size>0x1c</size>
         <input_file_ref idref="fl-d"/>
      </object_component>
      <object_component id="oc-6fd">
         <name>.const:.string</name>
         <load_address>0xc4da</load_address>
         <run_address>0xc4da</run_address>
         <size>0x14</size>
         <input_file_ref idref="fl-65"/>
      </object_component>
      <object_component id="oc-686">
         <name>.const:digit</name>
         <load_address>0xc4ee</load_address>
         <run_address>0xc4ee</run_address>
         <size>0x14</size>
         <input_file_ref idref="fl-2"/>
      </object_component>
      <object_component id="oc-515">
         <name>.const:$P$T0$1</name>
         <load_address>0xc502</load_address>
         <run_address>0xc502</run_address>
         <size>0xe</size>
         <input_file_ref idref="fl-3"/>
      </object_component>
      <object_component id="oc-54b">
         <name>.const:$P$T0$1</name>
         <load_address>0xc510</load_address>
         <run_address>0xc510</run_address>
         <size>0xa</size>
         <input_file_ref idref="fl-2"/>
      </object_component>
      <object_component id="oc-4ff">
         <name>.const:$P$T2$3</name>
         <load_address>0xc51a</load_address>
         <run_address>0xc51a</run_address>
         <size>0xa</size>
         <input_file_ref idref="fl-3"/>
      </object_component>
      <object_component id="oc-51e">
         <name>.const:$P$T1$2</name>
         <load_address>0xc524</load_address>
         <run_address>0xc524</run_address>
         <size>0x8</size>
         <input_file_ref idref="fl-3"/>
      </object_component>
      <object_component id="oc-5b1">
         <name>.const:.string:$P$T1$2</name>
         <load_address>0xc52c</load_address>
         <run_address>0xc52c</run_address>
         <size>0x6</size>
         <input_file_ref idref="fl-2"/>
      </object_component>
      <object_component id="oc-5d7">
         <name>.text:__mspabi_addd</name>
         <load_address>0xc532</load_address>
         <run_address>0xc532</run_address>
         <size>0x2de</size>
         <input_file_ref idref="fl-6c"/>
      </object_component>
      <object_component id="oc-5de">
         <name>.text:__TI_frcmpyd</name>
         <load_address>0xc810</load_address>
         <run_address>0xc810</run_address>
         <size>0x280</size>
         <input_file_ref idref="fl-6e"/>
      </object_component>
      <object_component id="oc-480">
         <name>.text:__mspabi_mpyd</name>
         <load_address>0xca90</load_address>
         <run_address>0xca90</run_address>
         <size>0x264</size>
         <input_file_ref idref="fl-5a"/>
      </object_component>
      <object_component id="oc-6ac">
         <name>.text:__TI_frcaddd</name>
         <load_address>0xccf4</load_address>
         <run_address>0xccf4</run_address>
         <size>0x248</size>
         <input_file_ref idref="fl-6d"/>
      </object_component>
      <object_component id="oc-528">
         <name>.text</name>
         <load_address>0xcf3c</load_address>
         <run_address>0xcf3c</run_address>
         <size>0x132</size>
         <input_file_ref idref="fl-3a"/>
      </object_component>
      <object_component id="oc-68c">
         <name>.text:_setfield</name>
         <load_address>0xd06e</load_address>
         <run_address>0xd06e</run_address>
         <size>0x10e</size>
         <input_file_ref idref="fl-65"/>
      </object_component>
      <object_component id="oc-64">
         <name>.text:decompress:lzss:__TI_decompress_lzss</name>
         <load_address>0xd17c</load_address>
         <run_address>0xd17c</run_address>
         <size>0xee</size>
         <input_file_ref idref="fl-54"/>
      </object_component>
      <object_component id="oc-45f">
         <name>.text:displayScrollText</name>
         <load_address>0xd26a</load_address>
         <run_address>0xd26a</run_address>
         <size>0xea</size>
         <input_file_ref idref="fl-2"/>
      </object_component>
      <object_component id="oc-5c7">
         <name>.text:__TI_printfi_minimal</name>
         <load_address>0xd354</load_address>
         <run_address>0xd354</run_address>
         <size>0xe2</size>
         <input_file_ref idref="fl-65"/>
      </object_component>
      <object_component id="oc-6c8">
         <name>.text:aligned_alloc</name>
         <load_address>0xd436</load_address>
         <run_address>0xd436</run_address>
         <size>0xe0</size>
         <input_file_ref idref="fl-60"/>
      </object_component>
      <object_component id="oc-493">
         <name>.text:__mspabi_cmpd</name>
         <load_address>0xd516</load_address>
         <run_address>0xd516</run_address>
         <size>0xd8</size>
         <input_file_ref idref="fl-55"/>
      </object_component>
      <object_component id="oc-44b">
         <name>.text:Init_LCD</name>
         <load_address>0xd5ee</load_address>
         <run_address>0xd5ee</run_address>
         <size>0xd2</size>
         <input_file_ref idref="fl-2"/>
      </object_component>
      <object_component id="oc-6fe">
         <name>.text:_pproc_diouxp</name>
         <load_address>0xd6c0</load_address>
         <run_address>0xd6c0</run_address>
         <size>0xc4</size>
         <input_file_ref idref="fl-65"/>
      </object_component>
      <object_component id="oc-3c7">
         <name>.text:Sens_Check_Feeding0</name>
         <load_address>0xd784</load_address>
         <run_address>0xd784</run_address>
         <size>0xba</size>
         <input_file_ref idref="fl-3"/>
      </object_component>
      <object_component id="oc-52d">
         <name>.text</name>
         <load_address>0xd83e</load_address>
         <run_address>0xd83e</run_address>
         <size>0xb8</size>
         <input_file_ref idref="fl-3b"/>
      </object_component>
      <object_component id="oc-720">
         <name>.text:__TI_renormd</name>
         <load_address>0xd8f6</load_address>
         <run_address>0xd8f6</run_address>
         <size>0xb2</size>
         <input_file_ref idref="fl-6f"/>
      </object_component>
      <object_component id="oc-3cd">
         <name>.text:Sens_Check_Feeding1</name>
         <load_address>0xd9a8</load_address>
         <run_address>0xd9a8</run_address>
         <size>0xa4</size>
         <input_file_ref idref="fl-3"/>
      </object_component>
      <object_component id="oc-572">
         <name>.text:LCD_E_setPinAsCOM</name>
         <load_address>0xda4c</load_address>
         <run_address>0xda4c</run_address>
         <size>0x9e</size>
         <input_file_ref idref="fl-f"/>
      </object_component>
      <object_component id="oc-5d0">
         <name>.text:__mspabi_fltlid</name>
         <load_address>0xdaea</load_address>
         <run_address>0xdaea</run_address>
         <size>0x9e</size>
         <input_file_ref idref="fl-59"/>
      </object_component>
      <object_component id="oc-439">
         <name>.text:PWM_Init</name>
         <load_address>0xdb88</load_address>
         <run_address>0xdb88</run_address>
         <size>0x88</size>
         <input_file_ref idref="fl-3"/>
      </object_component>
      <object_component id="oc-545">
         <name>.text:LCD_E_setPinAsLCDFunctionEx</name>
         <load_address>0xdc10</load_address>
         <run_address>0xdc10</run_address>
         <size>0x80</size>
         <input_file_ref idref="fl-f"/>
      </object_component>
      <object_component id="oc-5b4">
         <name>.text:showChar</name>
         <load_address>0xdc90</load_address>
         <run_address>0xdc90</run_address>
         <size>0x7a</size>
         <input_file_ref idref="fl-2"/>
      </object_component>
      <object_component id="oc-40a">
         <name>.text:__TI_auto_init_nobinit_nopinit_hold_wdt:__TI_auto_init_nobinit_nopinit_hold_wdt</name>
         <load_address>0xdd0a</load_address>
         <run_address>0xdd0a</run_address>
         <size>0x6a</size>
         <input_file_ref idref="fl-4d"/>
      </object_component>
      <object_component id="oc-741">
         <name>.text:split</name>
         <load_address>0xdd74</load_address>
         <run_address>0xdd74</run_address>
         <size>0x6a</size>
         <input_file_ref idref="fl-60"/>
      </object_component>
      <object_component id="oc-3c1">
         <name>.text:Display_Main</name>
         <load_address>0xddde</load_address>
         <run_address>0xddde</run_address>
         <size>0x68</size>
         <input_file_ref idref="fl-3"/>
      </object_component>
      <object_component id="oc-3d3">
         <name>.text:Sens_Check_Temperature</name>
         <load_address>0xde46</load_address>
         <run_address>0xde46</run_address>
         <size>0x68</size>
         <input_file_ref idref="fl-3"/>
      </object_component>
      <object_component id="oc-5eb">
         <name>.text:__mspabi_fixdli</name>
         <load_address>0xdeae</load_address>
         <run_address>0xdeae</run_address>
         <size>0x66</size>
         <input_file_ref idref="fl-57"/>
      </object_component>
      <object_component id="oc-29e">
         <name>.text:_isr:P1_ISR</name>
         <load_address>0xdf14</load_address>
         <run_address>0xdf14</run_address>
         <size>0x62</size>
         <input_file_ref idref="fl-3"/>
      </object_component>
      <object_component id="oc-312">
         <name>.text:UI_Up</name>
         <load_address>0xdf76</load_address>
         <run_address>0xdf76</run_address>
         <size>0x60</size>
         <input_file_ref idref="fl-3"/>
      </object_component>
      <object_component id="oc-30c">
         <name>.text:UI_Down</name>
         <load_address>0xdfd6</load_address>
         <run_address>0xdfd6</run_address>
         <size>0x5e</size>
         <input_file_ref idref="fl-3"/>
      </object_component>
      <object_component id="oc-518">
         <name>.text:Timer_A_initUpMode</name>
         <load_address>0xe034</load_address>
         <run_address>0xe034</run_address>
         <size>0x5c</size>
         <input_file_ref idref="fl-17"/>
      </object_component>
      <object_component id="oc-3a9">
         <name>.text:Setup</name>
         <load_address>0xe090</load_address>
         <run_address>0xe090</run_address>
         <size>0x58</size>
         <input_file_ref idref="fl-3"/>
      </object_component>
      <object_component id="oc-433">
         <name>.text:Sens_Init</name>
         <load_address>0xe0e8</load_address>
         <run_address>0xe0e8</run_address>
         <size>0x56</size>
         <input_file_ref idref="fl-3"/>
      </object_component>
      <object_component id="oc-348">
         <name>.text:main</name>
         <load_address>0xe13e</load_address>
         <run_address>0xe13e</run_address>
         <size>0x54</size>
         <input_file_ref idref="fl-3"/>
      </object_component>
      <object_component id="oc-451">
         <name>.text:Init_ADC</name>
         <load_address>0xe192</load_address>
         <run_address>0xe192</run_address>
         <size>0x52</size>
         <input_file_ref idref="fl-3"/>
      </object_component>
      <object_component id="oc-46b">
         <name>.text:displayText</name>
         <load_address>0xe1e4</load_address>
         <run_address>0xe1e4</run_address>
         <size>0x48</size>
         <input_file_ref idref="fl-2"/>
      </object_component>
      <object_component id="oc-532">
         <name>.text</name>
         <load_address>0xe22c</load_address>
         <run_address>0xe22c</run_address>
         <size>0x46</size>
         <input_file_ref idref="fl-3c"/>
      </object_component>
      <object_component id="oc-3b5">
         <name>.text:Display_Set_Feed0</name>
         <load_address>0xe272</load_address>
         <run_address>0xe272</run_address>
         <size>0x40</size>
         <input_file_ref idref="fl-3"/>
      </object_component>
      <object_component id="oc-3af">
         <name>.text:Display_Set_Feed1</name>
         <load_address>0xe2b2</load_address>
         <run_address>0xe2b2</run_address>
         <size>0x40</size>
         <input_file_ref idref="fl-3"/>
      </object_component>
      <object_component id="oc-3bb">
         <name>.text:Display_Set_Temp</name>
         <load_address>0xe2f2</load_address>
         <run_address>0xe2f2</run_address>
         <size>0x40</size>
         <input_file_ref idref="fl-3"/>
      </object_component>
      <object_component id="oc-508">
         <name>.text:Timer_A_initContinuousMode</name>
         <load_address>0xe332</load_address>
         <run_address>0xe332</run_address>
         <size>0x40</size>
         <input_file_ref idref="fl-17"/>
      </object_component>
      <object_component id="oc-28d">
         <name>.text:__memcpy_far</name>
         <load_address>0xe372</load_address>
         <run_address>0xe372</run_address>
         <size>0x40</size>
         <input_file_ref idref="fl-66"/>
      </object_component>
      <object_component id="oc-2b0">
         <name>.text:decompress:ZI:__TI_zero_init_nomemset:__TI_zero_init_nomemset</name>
         <load_address>0xe3b2</load_address>
         <run_address>0xe3b2</run_address>
         <size>0x3e</size>
         <input_file_ref idref="fl-4e"/>
      </object_component>
      <object_component id="oc-6b4">
         <name>.text:l_asr_const</name>
         <load_address>0xe3f0</load_address>
         <run_address>0xe3f0</run_address>
         <size>0x3e</size>
         <input_file_ref idref="fl-71"/>
      </object_component>
      <object_component id="oc-6a0">
         <name>.text:l_lsl_const</name>
         <load_address>0xe42e</load_address>
         <run_address>0xe42e</run_address>
         <size>0x3e</size>
         <input_file_ref idref="fl-67"/>
      </object_component>
      <object_component id="oc-6a5">
         <name>.text:l_lsr_const</name>
         <load_address>0xe46c</load_address>
         <run_address>0xe46c</run_address>
         <size>0x3e</size>
         <input_file_ref idref="fl-68"/>
      </object_component>
      <object_component id="oc-6a">
         <name>.text:decompress:none:__TI_decompress_none</name>
         <load_address>0xe4aa</load_address>
         <run_address>0xe4aa</run_address>
         <size>0x3c</size>
         <input_file_ref idref="fl-53"/>
      </object_component>
      <object_component id="oc-465">
         <name>.text:sprintf</name>
         <load_address>0xe4e6</load_address>
         <run_address>0xe4e6</run_address>
         <size>0x38</size>
         <input_file_ref idref="fl-35"/>
      </object_component>
      <object_component id="oc-445">
         <name>.text:UI_Init</name>
         <load_address>0xe51e</load_address>
         <run_address>0xe51e</run_address>
         <size>0x36</size>
         <input_file_ref idref="fl-3"/>
      </object_component>
      <object_component id="oc-58b">
         <name>.text:ADC_init</name>
         <load_address>0xe554</load_address>
         <run_address>0xe554</run_address>
         <size>0x34</size>
         <input_file_ref idref="fl-4"/>
      </object_component>
      <object_component id="oc-585">
         <name>.text:GPIO_setAsPeripheralModuleFunctionInputPin</name>
         <load_address>0xe588</load_address>
         <run_address>0xe588</run_address>
         <size>0x34</size>
         <input_file_ref idref="fl-d"/>
      </object_component>
      <object_component id="oc-50f">
         <name>.text:GPIO_setAsPeripheralModuleFunctionOutputPin</name>
         <load_address>0xe5bc</load_address>
         <run_address>0xe5bc</run_address>
         <size>0x34</size>
         <input_file_ref idref="fl-d"/>
      </object_component>
      <object_component id="oc-59d">
         <name>.text:ADC_configureMemory</name>
         <load_address>0xe5f0</load_address>
         <run_address>0xe5f0</run_address>
         <size>0x30</size>
         <input_file_ref idref="fl-4"/>
      </object_component>
      <object_component id="oc-2a4">
         <name>.text:_isr:ADC_ISR</name>
         <load_address>0xe620</load_address>
         <run_address>0xe620</run_address>
         <size>0x30</size>
         <input_file_ref idref="fl-3"/>
      </object_component>
      <object_component id="oc-48c">
         <name>.text:concat</name>
         <load_address>0xe650</load_address>
         <run_address>0xe650</run_address>
         <size>0x30</size>
         <input_file_ref idref="fl-3"/>
      </object_component>
      <object_component id="oc-521">
         <name>.text:Timer_A_initCompareMode</name>
         <load_address>0xe680</load_address>
         <run_address>0xe680</run_address>
         <size>0x2e</size>
         <input_file_ref idref="fl-17"/>
      </object_component>
      <object_component id="oc-300">
         <name>.text:UI_Next</name>
         <load_address>0xe6ae</load_address>
         <run_address>0xe6ae</run_address>
         <size>0x2e</size>
         <input_file_ref idref="fl-3"/>
      </object_component>
      <object_component id="oc-47a">
         <name>.text:__mspabi_subd</name>
         <load_address>0xe6dc</load_address>
         <run_address>0xe6dc</run_address>
         <size>0x2e</size>
         <input_file_ref idref="fl-5b"/>
      </object_component>
      <object_component id="oc-67e">
         <name>.text</name>
         <load_address>0xe70a</load_address>
         <run_address>0xe70a</run_address>
         <size>0x2c</size>
         <input_file_ref idref="fl-36"/>
      </object_component>
      <object_component id="oc-2fa">
         <name>.text:GPIO_getInterruptStatus</name>
         <load_address>0xe736</load_address>
         <run_address>0xe736</run_address>
         <size>0x28</size>
         <input_file_ref idref="fl-d"/>
      </object_component>
      <object_component id="oc-54e">
         <name>.text:LCD_E_init</name>
         <load_address>0xe75e</load_address>
         <run_address>0xe75e</run_address>
         <size>0x28</size>
         <input_file_ref idref="fl-f"/>
      </object_component>
      <object_component id="oc-486">
         <name>.text:__mspabi_fixdi</name>
         <load_address>0xe786</load_address>
         <run_address>0xe786</run_address>
         <size>0x28</size>
         <input_file_ref idref="fl-56"/>
      </object_component>
      <object_component id="oc-73b">
         <name>.text:free_list_insert</name>
         <load_address>0xe7ae</load_address>
         <run_address>0xe7ae</run_address>
         <size>0x28</size>
         <input_file_ref idref="fl-60"/>
      </object_component>
      <object_component id="oc-6b9">
         <name>.text</name>
         <load_address>0xe7d6</load_address>
         <run_address>0xe7d6</run_address>
         <size>0x26</size>
         <input_file_ref idref="fl-4b"/>
      </object_component>
      <object_component id="oc-43f">
         <name>.text:PWM_Set_Duty_Cycle</name>
         <load_address>0xe7fc</load_address>
         <run_address>0xe7fc</run_address>
         <size>0x24</size>
         <input_file_ref idref="fl-3"/>
      </object_component>
      <object_component id="oc-53e">
         <name>.text:GPIO_selectInterruptEdge</name>
         <load_address>0xe820</load_address>
         <run_address>0xe820</run_address>
         <size>0x20</size>
         <input_file_ref idref="fl-d"/>
      </object_component>
      <object_component id="oc-65c">
         <name>.text:setLCDFunction</name>
         <load_address>0xe840</load_address>
         <run_address>0xe840</run_address>
         <size>0x20</size>
         <input_file_ref idref="fl-f"/>
      </object_component>
      <object_component id="oc-4f3">
         <name>.text:GPIO_setAsInputPin</name>
         <load_address>0xe860</load_address>
         <run_address>0xe860</run_address>
         <size>0x1e</size>
         <input_file_ref idref="fl-d"/>
      </object_component>
      <object_component id="oc-3df">
         <name>.text:UI_Reset</name>
         <load_address>0xe87e</load_address>
         <run_address>0xe87e</run_address>
         <size>0x1c</size>
         <input_file_ref idref="fl-3"/>
      </object_component>
      <object_component id="oc-2c2">
         <name>.text:_isr:_c_int00_noargs</name>
         <load_address>0xe89a</load_address>
         <run_address>0xe89a</run_address>
         <size>0x1c</size>
         <input_file_ref idref="fl-4c"/>
      </object_component>
      <object_component id="oc-735">
         <name>.text:free_list_remove</name>
         <load_address>0xe8b6</load_address>
         <run_address>0xe8b6</run_address>
         <size>0x1c</size>
         <input_file_ref idref="fl-60"/>
      </object_component>
      <object_component id="oc-379">
         <name>.text:GPIO_getInputPinValue</name>
         <load_address>0xe8d2</load_address>
         <run_address>0xe8d2</run_address>
         <size>0x1a</size>
         <input_file_ref idref="fl-d"/>
      </object_component>
      <object_component id="oc-4f9">
         <name>.text:GPIO_setAsOutputPin</name>
         <load_address>0xe8ec</load_address>
         <run_address>0xe8ec</run_address>
         <size>0x1a</size>
         <input_file_ref idref="fl-d"/>
      </object_component>
      <object_component id="oc-3d9">
         <name>.text:Sens_Check_Water_Level</name>
         <load_address>0xe906</load_address>
         <run_address>0xe906</run_address>
         <size>0x1a</size>
         <input_file_ref idref="fl-3"/>
      </object_component>
      <object_component id="oc-704">
         <name>.text:memccpy</name>
         <load_address>0xe920</load_address>
         <run_address>0xe920</run_address>
         <size>0x1a</size>
         <input_file_ref idref="fl-70"/>
      </object_component>
      <object_component id="oc-5fe">
         <name>.text:strcat</name>
         <load_address>0xe93a</load_address>
         <run_address>0xe93a</run_address>
         <size>0x1a</size>
         <input_file_ref idref="fl-62"/>
      </object_component>
      <object_component id="oc-5bb">
         <name>.text:_outs</name>
         <load_address>0xe954</load_address>
         <run_address>0xe954</run_address>
         <size>0x18</size>
         <input_file_ref idref="fl-35"/>
      </object_component>
      <object_component id="oc-306">
         <name>.text:GPIO_clearInterrupt</name>
         <load_address>0xe96c</load_address>
         <run_address>0xe96c</run_address>
         <size>0x16</size>
         <input_file_ref idref="fl-d"/>
      </object_component>
      <object_component id="oc-538">
         <name>.text:GPIO_enableInterrupt</name>
         <load_address>0xe982</load_address>
         <run_address>0xe982</run_address>
         <size>0x16</size>
         <input_file_ref idref="fl-d"/>
      </object_component>
      <object_component id="oc-4a7">
         <name>.text:GPIO_setOutputHighOnPin</name>
         <load_address>0xe998</load_address>
         <run_address>0xe998</run_address>
         <size>0x16</size>
         <input_file_ref idref="fl-d"/>
      </object_component>
      <object_component id="oc-4ad">
         <name>.text:GPIO_setOutputLowOnPin</name>
         <load_address>0xe9ae</load_address>
         <run_address>0xe9ae</run_address>
         <size>0x16</size>
         <input_file_ref idref="fl-d"/>
      </object_component>
      <object_component id="oc-42a">
         <name>.text:WDT_A_hold</name>
         <load_address>0xe9c4</load_address>
         <run_address>0xe9c4</run_address>
         <size>0x16</size>
         <input_file_ref idref="fl-1a"/>
      </object_component>
      <object_component id="oc-6ed">
         <name>.text</name>
         <load_address>0xe9da</load_address>
         <run_address>0xe9da</run_address>
         <size>0x16</size>
         <input_file_ref idref="fl-37"/>
      </object_component>
      <object_component id="oc-597">
         <name>.text:ADC_setupSamplingTimer</name>
         <load_address>0xe9f0</load_address>
         <run_address>0xe9f0</run_address>
         <size>0x14</size>
         <input_file_ref idref="fl-4"/>
      </object_component>
      <object_component id="oc-6f7">
         <name>.text:memset</name>
         <load_address>0xea04</load_address>
         <run_address>0xea04</run_address>
         <size>0x14</size>
         <input_file_ref idref="fl-61"/>
      </object_component>
      <object_component id="oc-637">
         <name>.text</name>
         <load_address>0xea18</load_address>
         <run_address>0xea18</run_address>
         <size>0x14</size>
         <input_file_ref idref="fl-69"/>
      </object_component>
      <object_component id="oc-554">
         <name>.text:LCD_E_setVLCDSource</name>
         <load_address>0xea2c</load_address>
         <run_address>0xea2c</run_address>
         <size>0x12</size>
         <input_file_ref idref="fl-f"/>
      </object_component>
      <object_component id="oc-2aa">
         <name>.text:_isr:TIMER1_A1_ISR</name>
         <load_address>0xea3e</load_address>
         <run_address>0xea3e</run_address>
         <size>0x12</size>
         <input_file_ref idref="fl-3"/>
      </object_component>
      <object_component id="oc-5c1">
         <name>.text:_outc</name>
         <load_address>0xea50</load_address>
         <run_address>0xea50</run_address>
         <size>0x12</size>
         <input_file_ref idref="fl-35"/>
      </object_component>
      <object_component id="oc-502">
         <name>.text:memcpy</name>
         <load_address>0xea62</load_address>
         <run_address>0xea62</run_address>
         <size>0x12</size>
         <input_file_ref idref="fl-5f"/>
      </object_component>
      <object_component id="oc-71b">
         <name>.text:l_asr</name>
         <load_address>0xea74</load_address>
         <run_address>0xea74</run_address>
         <size>0x10</size>
         <input_file_ref idref="fl-71"/>
      </object_component>
      <object_component id="oc-716">
         <name>.text:l_lsl</name>
         <load_address>0xea84</load_address>
         <run_address>0xea84</run_address>
         <size>0x10</size>
         <input_file_ref idref="fl-67"/>
      </object_component>
      <object_component id="oc-6c2">
         <name>.text:l_lsr</name>
         <load_address>0xea94</load_address>
         <run_address>0xea94</run_address>
         <size>0x10</size>
         <input_file_ref idref="fl-68"/>
      </object_component>
      <object_component id="oc-5f8">
         <name>.text:strcpy</name>
         <load_address>0xeaa4</load_address>
         <run_address>0xeaa4</run_address>
         <size>0x10</size>
         <input_file_ref idref="fl-63"/>
      </object_component>
      <object_component id="oc-499">
         <name>.text:PWM_Start</name>
         <load_address>0xeab4</load_address>
         <run_address>0xeab4</run_address>
         <size>0xe</size>
         <input_file_ref idref="fl-3"/>
      </object_component>
      <object_component id="oc-5ab">
         <name>.text:strlen</name>
         <load_address>0xeac2</load_address>
         <run_address>0xeac2</run_address>
         <size>0xe</size>
         <input_file_ref idref="fl-64"/>
      </object_component>
      <object_component id="oc-57e">
         <name>.text:LCD_E_on</name>
         <load_address>0xead0</load_address>
         <run_address>0xead0</run_address>
         <size>0xc</size>
         <input_file_ref idref="fl-f"/>
      </object_component>
      <object_component id="oc-566">
         <name>.text:LCD_E_setChargePumpFreq</name>
         <load_address>0xeadc</load_address>
         <run_address>0xeadc</run_address>
         <size>0xc</size>
         <input_file_ref idref="fl-f"/>
      </object_component>
      <object_component id="oc-55a">
         <name>.text:LCD_E_setVLCDVoltage</name>
         <load_address>0xeae8</load_address>
         <run_address>0xeae8</run_address>
         <size>0xc</size>
         <input_file_ref idref="fl-f"/>
      </object_component>
      <object_component id="oc-606">
         <name>.text:Timer_A_startCounter</name>
         <load_address>0xeaf4</load_address>
         <run_address>0xeaf4</run_address>
         <size>0xc</size>
         <input_file_ref idref="fl-17"/>
      </object_component>
      <object_component id="oc-474">
         <name>.text:__mspabi_fltid</name>
         <load_address>0xeb00</load_address>
         <run_address>0xeb00</run_address>
         <size>0xc</size>
         <input_file_ref idref="fl-58"/>
      </object_component>
      <object_component id="oc-578">
         <name>.text:LCD_E_selectDisplayMemory</name>
         <load_address>0xeb0c</load_address>
         <run_address>0xeb0c</run_address>
         <size>0xa</size>
         <input_file_ref idref="fl-f"/>
      </object_component>
      <object_component id="oc-49f">
         <name>.text:PWM_Stop</name>
         <load_address>0xeb16</load_address>
         <run_address>0xeb16</run_address>
         <size>0xa</size>
         <input_file_ref idref="fl-3"/>
      </object_component>
      <object_component id="oc-662">
         <name>.text</name>
         <load_address>0xeb20</load_address>
         <run_address>0xeb20</run_address>
         <size>0xa</size>
         <input_file_ref idref="fl-49"/>
      </object_component>
      <object_component id="oc-657">
         <name>.text</name>
         <load_address>0xeb2a</load_address>
         <run_address>0xeb2a</run_address>
         <size>0xa</size>
         <input_file_ref idref="fl-4a"/>
      </object_component>
      <object_component id="oc-591">
         <name>.text:ADC_enable</name>
         <load_address>0xeb34</load_address>
         <run_address>0xeb34</run_address>
         <size>0x8</size>
         <input_file_ref idref="fl-4"/>
      </object_component>
      <object_component id="oc-31c">
         <name>.text:ADC_getInterruptStatus</name>
         <load_address>0xeb3c</load_address>
         <run_address>0xeb3c</run_address>
         <size>0x8</size>
         <input_file_ref idref="fl-4"/>
      </object_component>
      <object_component id="oc-560">
         <name>.text:LCD_E_enableChargePump</name>
         <load_address>0xeb44</load_address>
         <run_address>0xeb44</run_address>
         <size>0x8</size>
         <input_file_ref idref="fl-f"/>
      </object_component>
      <object_component id="oc-60d">
         <name>.text:Timer_A_stop</name>
         <load_address>0xeb4c</load_address>
         <run_address>0xeb4c</run_address>
         <size>0x8</size>
         <input_file_ref idref="fl-17"/>
      </object_component>
      <object_component id="oc-299">
         <name>.text:_isr:__TI_ISR_TRAP</name>
         <load_address>0xeb54</load_address>
         <run_address>0xeb54</run_address>
         <size>0x8</size>
         <input_file_ref idref="fl-48"/>
      </object_component>
      <object_component id="oc-5f2">
         <name>.text:malloc</name>
         <load_address>0xeb5c</load_address>
         <run_address>0xeb5c</run_address>
         <size>0x8</size>
         <input_file_ref idref="fl-60"/>
      </object_component>
      <object_component id="oc-322">
         <name>.text:ADC_clearInterrupt</name>
         <load_address>0xeb64</load_address>
         <run_address>0xeb64</run_address>
         <size>0x6</size>
         <input_file_ref idref="fl-4"/>
      </object_component>
      <object_component id="oc-5a3">
         <name>.text:ADC_enableInterrupt</name>
         <load_address>0xeb6a</load_address>
         <run_address>0xeb6a</run_address>
         <size>0x6</size>
         <input_file_ref idref="fl-4"/>
      </object_component>
      <object_component id="oc-32b">
         <name>.text:ADC_getResults</name>
         <load_address>0xeb70</load_address>
         <run_address>0xeb70</run_address>
         <size>0x6</size>
         <input_file_ref idref="fl-4"/>
      </object_component>
      <object_component id="oc-56c">
         <name>.text:LCD_E_clearAllMemory</name>
         <load_address>0xeb76</load_address>
         <run_address>0xeb76</run_address>
         <size>0x6</size>
         <input_file_ref idref="fl-f"/>
      </object_component>
      <object_component id="oc-457">
         <name>.text:PMM_unlockLPM5</name>
         <load_address>0xeb7c</load_address>
         <run_address>0xeb7c</run_address>
         <size>0x6</size>
         <input_file_ref idref="fl-11"/>
      </object_component>
      <object_component id="oc-3e6">
         <name>.text:abort</name>
         <load_address>0xeb82</load_address>
         <run_address>0xeb82</run_address>
         <size>0x6</size>
         <input_file_ref idref="fl-5c"/>
      </object_component>
      <object_component id="oc-342">
         <name>.text:_system_pre_init</name>
         <load_address>0xeb88</load_address>
         <run_address>0xeb88</run_address>
         <size>0x4</size>
         <input_file_ref idref="fl-51"/>
      </object_component>
      <object_component id="oc-618">
         <name>.text:_nop</name>
         <load_address>0xeb8c</load_address>
         <run_address>0xeb8c</run_address>
         <size>0x2</size>
         <input_file_ref idref="fl-5d"/>
      </object_component>
      <object_component id="oc-4c8">
         <name>.text:_system_post_cinit</name>
         <load_address>0xeb8e</load_address>
         <run_address>0xeb8e</run_address>
         <size>0x2</size>
         <input_file_ref idref="fl-52"/>
      </object_component>
      <object_component id="oc-732">
         <name>.bss</name>
         <uninitialized>true</uninitialized>
         <run_address>0x20a0</run_address>
         <size>0x2</size>
         <input_file_ref idref="fl-60"/>
      </object_component>
      <object_component id="oc-331">
         <name>.common:sens_temperature</name>
         <uninitialized>true</uninitialized>
         <run_address>0x20a6</run_address>
         <size>0x2</size>
      </object_component>
      <object_component id="oc-430">
         <name>.common:sens_turbidity</name>
         <uninitialized>true</uninitialized>
         <run_address>0x20a8</run_address>
         <size>0x2</size>
      </object_component>
      <object_component id="oc-431">
         <name>.common:sens_water_low</name>
         <uninitialized>true</uninitialized>
         <run_address>0x20b6</run_address>
         <size>0x1</size>
      </object_component>
      <object_component id="oc-338">
         <name>.common:sens_feed_timer0</name>
         <uninitialized>true</uninitialized>
         <run_address>0x20a2</run_address>
         <size>0x2</size>
      </object_component>
      <object_component id="oc-339">
         <name>.common:sens_feed_timer1</name>
         <uninitialized>true</uninitialized>
         <run_address>0x20a4</run_address>
         <size>0x2</size>
      </object_component>
      <object_component id="oc-37f">
         <name>.common:ui_current_menu</name>
         <uninitialized>true</uninitialized>
         <run_address>0x20b2</run_address>
         <size>0x2</size>
      </object_component>
      <object_component id="oc-318">
         <name>.common:ui_reset_timer</name>
         <uninitialized>true</uninitialized>
         <run_address>0x20b4</run_address>
         <size>0x2</size>
      </object_component>
      <object_component id="oc-380">
         <name>.common:ui_first_time_on_this_menu</name>
         <uninitialized>true</uninitialized>
         <run_address>0x20b7</run_address>
         <size>0x1</size>
      </object_component>
      <object_component id="oc-385">
         <name>.common:setting_temperature</name>
         <uninitialized>true</uninitialized>
         <run_address>0x20b0</run_address>
         <size>0x2</size>
      </object_component>
      <object_component id="oc-384">
         <name>.common:setting_feed0</name>
         <uninitialized>true</uninitialized>
         <run_address>0x20aa</run_address>
         <size>0x2</size>
      </object_component>
      <object_component id="oc-383">
         <name>.common:setting_feed1</name>
         <uninitialized>true</uninitialized>
         <run_address>0x20ac</run_address>
         <size>0x2</size>
      </object_component>
      <object_component id="oc-432">
         <name>.common:setting_filter</name>
         <uninitialized>true</uninitialized>
         <run_address>0x20ae</run_address>
         <size>0x2</size>
      </object_component>
      <object_component id="oc-328">
         <name>.data</name>
         <load_address>0x20c0</load_address>
         <run_address>0x20c0</run_address>
         <size>0x4</size>
         <input_file_ref idref="fl-3"/>
      </object_component>
      <object_component id="oc-4ba">
         <name>.data:_lock</name>
         <load_address>0x20b8</load_address>
         <run_address>0x20b8</run_address>
         <size>0x4</size>
         <input_file_ref idref="fl-5d"/>
      </object_component>
      <object_component id="oc-4c3">
         <name>.data:_unlock</name>
         <load_address>0x20bc</load_address>
         <run_address>0x20bc</run_address>
         <size>0x4</size>
         <input_file_ref idref="fl-5d"/>
      </object_component>
      <object_component id="oc-72f">
         <name>.data</name>
         <load_address>0x20c4</load_address>
         <run_address>0x20c4</run_address>
         <size>0x2</size>
         <input_file_ref idref="fl-60"/>
      </object_component>
      <object_component id="oc-27f">
         <name>.sysmem</name>
         <uninitialized>true</uninitialized>
         <run_address>0x2000</run_address>
         <size>0x8</size>
         <input_file_ref idref="fl-60"/>
      </object_component>
      <object_component id="oc-7d7">
         <name>.sysmem</name>
         <uninitialized>true</uninitialized>
         <run_address>0x2000</run_address>
         <size>0x0</size>
      </object_component>
      <object_component id="oc-27b">
         <name>.stack</name>
         <uninitialized>true</uninitialized>
         <run_address>0x2760</run_address>
         <size>0x2</size>
         <input_file_ref idref="fl-4c"/>
      </object_component>
      <object_component id="oc-7d6">
         <name>.stack</name>
         <uninitialized>true</uninitialized>
         <run_address>0x2760</run_address>
         <size>0x0</size>
      </object_component>
      <object_component id="oc-70">
         <name>.int45</name>
         <load_address>0xffe2</load_address>
         <run_address>0xffe2</run_address>
         <size>0x2</size>
         <input_file_ref idref="fl-3d"/>
      </object_component>
      <object_component id="oc-71">
         <name>.int46</name>
         <load_address>0xffe4</load_address>
         <run_address>0xffe4</run_address>
         <size>0x2</size>
         <input_file_ref idref="fl-3e"/>
      </object_component>
      <object_component id="oc-72">
         <name>.int47</name>
         <load_address>0xffe6</load_address>
         <run_address>0xffe6</run_address>
         <size>0x2</size>
         <input_file_ref idref="fl-3"/>
      </object_component>
      <object_component id="oc-73">
         <name>.int48</name>
         <load_address>0xffe8</load_address>
         <run_address>0xffe8</run_address>
         <size>0x2</size>
         <input_file_ref idref="fl-3"/>
      </object_component>
      <object_component id="oc-74">
         <name>.int49</name>
         <load_address>0xffea</load_address>
         <run_address>0xffea</run_address>
         <size>0x2</size>
         <input_file_ref idref="fl-3f"/>
      </object_component>
      <object_component id="oc-75">
         <name>.int50</name>
         <load_address>0xffec</load_address>
         <run_address>0xffec</run_address>
         <size>0x2</size>
         <input_file_ref idref="fl-40"/>
      </object_component>
      <object_component id="oc-76">
         <name>.int51</name>
         <load_address>0xffee</load_address>
         <run_address>0xffee</run_address>
         <size>0x2</size>
         <input_file_ref idref="fl-41"/>
      </object_component>
      <object_component id="oc-77">
         <name>.int52</name>
         <load_address>0xfff0</load_address>
         <run_address>0xfff0</run_address>
         <size>0x2</size>
         <input_file_ref idref="fl-42"/>
      </object_component>
      <object_component id="oc-78">
         <name>.int53</name>
         <load_address>0xfff2</load_address>
         <run_address>0xfff2</run_address>
         <size>0x2</size>
         <input_file_ref idref="fl-3"/>
      </object_component>
      <object_component id="oc-79">
         <name>.int54</name>
         <load_address>0xfff4</load_address>
         <run_address>0xfff4</run_address>
         <size>0x2</size>
         <input_file_ref idref="fl-43"/>
      </object_component>
      <object_component id="oc-7a">
         <name>.int55</name>
         <load_address>0xfff6</load_address>
         <run_address>0xfff6</run_address>
         <size>0x2</size>
         <input_file_ref idref="fl-44"/>
      </object_component>
      <object_component id="oc-7b">
         <name>.int56</name>
         <load_address>0xfff8</load_address>
         <run_address>0xfff8</run_address>
         <size>0x2</size>
         <input_file_ref idref="fl-45"/>
      </object_component>
      <object_component id="oc-7c">
         <name>.int57</name>
         <load_address>0xfffa</load_address>
         <run_address>0xfffa</run_address>
         <size>0x2</size>
         <input_file_ref idref="fl-46"/>
      </object_component>
      <object_component id="oc-7d">
         <name>.int58</name>
         <load_address>0xfffc</load_address>
         <run_address>0xfffc</run_address>
         <size>0x2</size>
         <input_file_ref idref="fl-47"/>
      </object_component>
      <object_component id="oc-27e">
         <name>.reset</name>
         <load_address>0xfffe</load_address>
         <run_address>0xfffe</run_address>
         <size>0x2</size>
         <input_file_ref idref="fl-4c"/>
      </object_component>
      <object_component id="oc-429">
         <name>.debug_info</name>
         <load_address>0x0</load_address>
         <run_address>0x0</run_address>
         <size>0x46d</size>
         <input_file_ref idref="fl-2"/>
      </object_component>
      <object_component id="oc-687">
         <name>.debug_info</name>
         <load_address>0x46d</load_address>
         <run_address>0x46d</run_address>
         <size>0xd0</size>
         <input_file_ref idref="fl-2"/>
      </object_component>
      <object_component id="oc-684">
         <name>.debug_info</name>
         <load_address>0x53d</load_address>
         <run_address>0x53d</run_address>
         <size>0xdc</size>
         <input_file_ref idref="fl-2"/>
      </object_component>
      <object_component id="oc-54c">
         <name>.debug_info</name>
         <load_address>0x619</load_address>
         <run_address>0x619</run_address>
         <size>0xd3</size>
         <input_file_ref idref="fl-2"/>
      </object_component>
      <object_component id="oc-5b2">
         <name>.debug_info</name>
         <load_address>0x6ec</load_address>
         <run_address>0x6ec</run_address>
         <size>0xd3</size>
         <input_file_ref idref="fl-2"/>
      </object_component>
      <object_component id="oc-5b5">
         <name>.debug_info</name>
         <load_address>0x7bf</load_address>
         <run_address>0x7bf</run_address>
         <size>0x162</size>
         <input_file_ref idref="fl-2"/>
      </object_component>
      <object_component id="oc-46c">
         <name>.debug_info</name>
         <load_address>0x921</load_address>
         <run_address>0x921</run_address>
         <size>0x184</size>
         <input_file_ref idref="fl-2"/>
      </object_component>
      <object_component id="oc-460">
         <name>.debug_info</name>
         <load_address>0xaa5</load_address>
         <run_address>0xaa5</run_address>
         <size>0x227</size>
         <input_file_ref idref="fl-2"/>
      </object_component>
      <object_component id="oc-44c">
         <name>.debug_info</name>
         <load_address>0xccc</load_address>
         <run_address>0xccc</run_address>
         <size>0x2a0</size>
         <input_file_ref idref="fl-2"/>
      </object_component>
      <object_component id="oc-394">
         <name>.debug_info</name>
         <load_address>0xf6c</load_address>
         <run_address>0xf6c</run_address>
         <size>0x26b</size>
         <input_file_ref idref="fl-2"/>
      </object_component>
      <object_component id="oc-4ed">
         <name>.debug_info</name>
         <load_address>0x11d7</load_address>
         <run_address>0x11d7</run_address>
         <size>0x9e</size>
         <input_file_ref idref="fl-2"/>
      </object_component>
      <object_component id="oc-38f">
         <name>.debug_info</name>
         <load_address>0x1275</load_address>
         <run_address>0x1275</run_address>
         <size>0x392</size>
         <input_file_ref idref="fl-2"/>
      </object_component>
      <object_component id="oc-38a">
         <name>.debug_info</name>
         <load_address>0x1607</load_address>
         <run_address>0x1607</run_address>
         <size>0x8b</size>
         <input_file_ref idref="fl-2"/>
      </object_component>
      <object_component id="oc-3a3">
         <name>.debug_info</name>
         <load_address>0x1692</load_address>
         <run_address>0x1692</run_address>
         <size>0x275</size>
         <input_file_ref idref="fl-2"/>
      </object_component>
      <object_component id="oc-333">
         <name>.debug_info</name>
         <load_address>0x1907</load_address>
         <run_address>0x1907</run_address>
         <size>0xbb</size>
         <input_file_ref idref="fl-2"/>
      </object_component>
      <object_component id="oc-399">
         <name>.debug_info</name>
         <load_address>0x19c2</load_address>
         <run_address>0x19c2</run_address>
         <size>0x2c</size>
         <input_file_ref idref="fl-2"/>
      </object_component>
      <object_component id="oc-694">
         <name>.debug_info</name>
         <load_address>0x19ee</load_address>
         <run_address>0x19ee</run_address>
         <size>0x2c</size>
         <input_file_ref idref="fl-2"/>
      </object_component>
      <object_component id="oc-319">
         <name>.debug_info</name>
         <load_address>0x1a1a</load_address>
         <run_address>0x1a1a</run_address>
         <size>0xc77</size>
         <input_file_ref idref="fl-3"/>
      </object_component>
      <object_component id="oc-329">
         <name>.debug_info</name>
         <load_address>0x2691</load_address>
         <run_address>0x2691</run_address>
         <size>0xf8</size>
         <input_file_ref idref="fl-3"/>
      </object_component>
      <object_component id="oc-516">
         <name>.debug_info</name>
         <load_address>0x2789</load_address>
         <run_address>0x2789</run_address>
         <size>0xd0</size>
         <input_file_ref idref="fl-3"/>
      </object_component>
      <object_component id="oc-51f">
         <name>.debug_info</name>
         <load_address>0x2859</load_address>
         <run_address>0x2859</run_address>
         <size>0xd0</size>
         <input_file_ref idref="fl-3"/>
      </object_component>
      <object_component id="oc-500">
         <name>.debug_info</name>
         <load_address>0x2929</load_address>
         <run_address>0x2929</run_address>
         <size>0xd0</size>
         <input_file_ref idref="fl-3"/>
      </object_component>
      <object_component id="oc-434">
         <name>.debug_info</name>
         <load_address>0x29f9</load_address>
         <run_address>0x29f9</run_address>
         <size>0x18e</size>
         <input_file_ref idref="fl-3"/>
      </object_component>
      <object_component id="oc-43a">
         <name>.debug_info</name>
         <load_address>0x2b87</load_address>
         <run_address>0x2b87</run_address>
         <size>0x1b9</size>
         <input_file_ref idref="fl-3"/>
      </object_component>
      <object_component id="oc-440">
         <name>.debug_info</name>
         <load_address>0x2d40</load_address>
         <run_address>0x2d40</run_address>
         <size>0x1b5</size>
         <input_file_ref idref="fl-3"/>
      </object_component>
      <object_component id="oc-446">
         <name>.debug_info</name>
         <load_address>0x2ef5</load_address>
         <run_address>0x2ef5</run_address>
         <size>0x180</size>
         <input_file_ref idref="fl-3"/>
      </object_component>
      <object_component id="oc-452">
         <name>.debug_info</name>
         <load_address>0x3075</load_address>
         <run_address>0x3075</run_address>
         <size>0x1bb</size>
         <input_file_ref idref="fl-3"/>
      </object_component>
      <object_component id="oc-3aa">
         <name>.debug_info</name>
         <load_address>0x3230</load_address>
         <run_address>0x3230</run_address>
         <size>0x181</size>
         <input_file_ref idref="fl-3"/>
      </object_component>
      <object_component id="oc-3b0">
         <name>.debug_info</name>
         <load_address>0x33b1</load_address>
         <run_address>0x33b1</run_address>
         <size>0x159</size>
         <input_file_ref idref="fl-3"/>
      </object_component>
      <object_component id="oc-3b6">
         <name>.debug_info</name>
         <load_address>0x350a</load_address>
         <run_address>0x350a</run_address>
         <size>0x159</size>
         <input_file_ref idref="fl-3"/>
      </object_component>
      <object_component id="oc-3bc">
         <name>.debug_info</name>
         <load_address>0x3663</load_address>
         <run_address>0x3663</run_address>
         <size>0x157</size>
         <input_file_ref idref="fl-3"/>
      </object_component>
      <object_component id="oc-48d">
         <name>.debug_info</name>
         <load_address>0x37ba</load_address>
         <run_address>0x37ba</run_address>
         <size>0x187</size>
         <input_file_ref idref="fl-3"/>
      </object_component>
      <object_component id="oc-3c2">
         <name>.debug_info</name>
         <load_address>0x3941</load_address>
         <run_address>0x3941</run_address>
         <size>0x1c5</size>
         <input_file_ref idref="fl-3"/>
      </object_component>
      <object_component id="oc-49a">
         <name>.debug_info</name>
         <load_address>0x3b06</load_address>
         <run_address>0x3b06</run_address>
         <size>0x11a</size>
         <input_file_ref idref="fl-3"/>
      </object_component>
      <object_component id="oc-4a0">
         <name>.debug_info</name>
         <load_address>0x3c20</load_address>
         <run_address>0x3c20</run_address>
         <size>0x110</size>
         <input_file_ref idref="fl-3"/>
      </object_component>
      <object_component id="oc-3c8">
         <name>.debug_info</name>
         <load_address>0x3d30</load_address>
         <run_address>0x3d30</run_address>
         <size>0x1ca</size>
         <input_file_ref idref="fl-3"/>
      </object_component>
      <object_component id="oc-3ce">
         <name>.debug_info</name>
         <load_address>0x3efa</load_address>
         <run_address>0x3efa</run_address>
         <size>0x1ca</size>
         <input_file_ref idref="fl-3"/>
      </object_component>
      <object_component id="oc-3d4">
         <name>.debug_info</name>
         <load_address>0x40c4</load_address>
         <run_address>0x40c4</run_address>
         <size>0x1d8</size>
         <input_file_ref idref="fl-3"/>
      </object_component>
      <object_component id="oc-3da">
         <name>.debug_info</name>
         <load_address>0x429c</load_address>
         <run_address>0x429c</run_address>
         <size>0x138</size>
         <input_file_ref idref="fl-3"/>
      </object_component>
      <object_component id="oc-3e0">
         <name>.debug_info</name>
         <load_address>0x43d4</load_address>
         <run_address>0x43d4</run_address>
         <size>0x100</size>
         <input_file_ref idref="fl-3"/>
      </object_component>
      <object_component id="oc-349">
         <name>.debug_info</name>
         <load_address>0x44d4</load_address>
         <run_address>0x44d4</run_address>
         <size>0x1d6</size>
         <input_file_ref idref="fl-3"/>
      </object_component>
      <object_component id="oc-313">
         <name>.debug_info</name>
         <load_address>0x46aa</load_address>
         <run_address>0x46aa</run_address>
         <size>0x116</size>
         <input_file_ref idref="fl-3"/>
      </object_component>
      <object_component id="oc-301">
         <name>.debug_info</name>
         <load_address>0x47c0</load_address>
         <run_address>0x47c0</run_address>
         <size>0x11a</size>
         <input_file_ref idref="fl-3"/>
      </object_component>
      <object_component id="oc-30d">
         <name>.debug_info</name>
         <load_address>0x48da</load_address>
         <run_address>0x48da</run_address>
         <size>0x11a</size>
         <input_file_ref idref="fl-3"/>
      </object_component>
      <object_component id="oc-2ab">
         <name>.debug_info</name>
         <load_address>0x49f4</load_address>
         <run_address>0x49f4</run_address>
         <size>0x109</size>
         <input_file_ref idref="fl-3"/>
      </object_component>
      <object_component id="oc-29f">
         <name>.debug_info</name>
         <load_address>0x4afd</load_address>
         <run_address>0x4afd</run_address>
         <size>0x1cd</size>
         <input_file_ref idref="fl-3"/>
      </object_component>
      <object_component id="oc-2a5">
         <name>.debug_info</name>
         <load_address>0x4cca</load_address>
         <run_address>0x4cca</run_address>
         <size>0x165</size>
         <input_file_ref idref="fl-3"/>
      </object_component>
      <object_component id="oc-599">
         <name>.debug_info</name>
         <load_address>0x4e2f</load_address>
         <run_address>0x4e2f</run_address>
         <size>0x23b</size>
         <input_file_ref idref="fl-4"/>
      </object_component>
      <object_component id="oc-58d">
         <name>.debug_info</name>
         <load_address>0x506a</load_address>
         <run_address>0x506a</run_address>
         <size>0x2b8</size>
         <input_file_ref idref="fl-4"/>
      </object_component>
      <object_component id="oc-32c">
         <name>.debug_info</name>
         <load_address>0x5322</load_address>
         <run_address>0x5322</run_address>
         <size>0x196</size>
         <input_file_ref idref="fl-4"/>
      </object_component>
      <object_component id="oc-31d">
         <name>.debug_info</name>
         <load_address>0x54b8</load_address>
         <run_address>0x54b8</run_address>
         <size>0x1fc</size>
         <input_file_ref idref="fl-4"/>
      </object_component>
      <object_component id="oc-5a4">
         <name>.debug_info</name>
         <load_address>0x56b4</load_address>
         <run_address>0x56b4</run_address>
         <size>0x1e2</size>
         <input_file_ref idref="fl-4"/>
      </object_component>
      <object_component id="oc-592">
         <name>.debug_info</name>
         <load_address>0x5896</load_address>
         <run_address>0x5896</run_address>
         <size>0x18a</size>
         <input_file_ref idref="fl-4"/>
      </object_component>
      <object_component id="oc-59e">
         <name>.debug_info</name>
         <load_address>0x5a20</load_address>
         <run_address>0x5a20</run_address>
         <size>0x31a</size>
         <input_file_ref idref="fl-4"/>
      </object_component>
      <object_component id="oc-323">
         <name>.debug_info</name>
         <load_address>0x5d3a</load_address>
         <run_address>0x5d3a</run_address>
         <size>0x1f0</size>
         <input_file_ref idref="fl-4"/>
      </object_component>
      <object_component id="oc-288">
         <name>.debug_info</name>
         <load_address>0x5f2a</load_address>
         <run_address>0x5f2a</run_address>
         <size>0x84</size>
         <input_file_ref idref="fl-5"/>
      </object_component>
      <object_component id="oc-427">
         <name>.debug_info</name>
         <load_address>0x5fae</load_address>
         <run_address>0x5fae</run_address>
         <size>0x16b</size>
         <input_file_ref idref="fl-d"/>
      </object_component>
      <object_component id="oc-376">
         <name>.debug_info</name>
         <load_address>0x6119</load_address>
         <run_address>0x6119</run_address>
         <size>0xfe</size>
         <input_file_ref idref="fl-d"/>
      </object_component>
      <object_component id="oc-4ae">
         <name>.debug_info</name>
         <load_address>0x6217</load_address>
         <run_address>0x6217</run_address>
         <size>0x20d</size>
         <input_file_ref idref="fl-d"/>
      </object_component>
      <object_component id="oc-4a9">
         <name>.debug_info</name>
         <load_address>0x6424</load_address>
         <run_address>0x6424</run_address>
         <size>0x20f</size>
         <input_file_ref idref="fl-d"/>
      </object_component>
      <object_component id="oc-511">
         <name>.debug_info</name>
         <load_address>0x6633</load_address>
         <run_address>0x6633</run_address>
         <size>0x256</size>
         <input_file_ref idref="fl-d"/>
      </object_component>
      <object_component id="oc-586">
         <name>.debug_info</name>
         <load_address>0x6889</load_address>
         <run_address>0x6889</run_address>
         <size>0x255</size>
         <input_file_ref idref="fl-d"/>
      </object_component>
      <object_component id="oc-4fa">
         <name>.debug_info</name>
         <load_address>0x6ade</load_address>
         <run_address>0x6ade</run_address>
         <size>0x204</size>
         <input_file_ref idref="fl-d"/>
      </object_component>
      <object_component id="oc-4f5">
         <name>.debug_info</name>
[...]
         <object_component_ref idref="oc-554"/>
      </symbol>
      <symbol id="sm-529">
         <name>LCD_E_selectDisplayMemory</name>
         <value>0xeb0c</value>
         <object_component_ref idref="oc-578"/>
      </symbol>
      <symbol id="sm-52a">
         <name>LCD_E_setChargePumpFreq</name>
         <value>0xeadc</value>
         <object_component_ref idref="oc-566"/>
      </symbol>
      <symbol id="sm-52b">
         <name>LCD_E_init</name>
         <value>0xe75e</value>
         <object_component_ref idref="oc-54e"/>
      </symbol>
      <symbol id="sm-52c">
         <name>LCD_E_enableChargePump</name>
         <value>0xeb44</value>
         <object_component_ref idref="oc-560"/>
      </symbol>
      <symbol id="sm-52d">
         <name>LCD_E_setVLCDVoltage</name>
         <value>0xeae8</value>
         <object_component_ref idref="oc-55a"/>
      </symbol>
      <symbol id="sm-52e">
         <name>LCD_E_setPinAsLCDFunctionEx</name>
         <value>0xdc10</value>
         <object_component_ref idref="oc-545"/>
      </symbol>
      <symbol id="sm-538">
         <name>PMM_unlockLPM5</name>
         <value>0xeb7c</value>
         <object_component_ref idref="oc-457"/>
      </symbol>
      <symbol id="sm-569">
         <name>Timer_A_initUpMode</name>
         <value>0xe034</value>
         <object_component_ref idref="oc-518"/>
      </symbol>
      <symbol id="sm-56a">
         <name>Timer_A_initContinuousMode</name>
         <value>0xe332</value>
         <object_component_ref idref="oc-508"/>
      </symbol>
      <symbol id="sm-56b">
         <name>Timer_A_initCompareMode</name>
         <value>0xe680</value>
         <object_component_ref idref="oc-521"/>
      </symbol>
      <symbol id="sm-56c">
         <name>Timer_A_startCounter</name>
         <value>0xeaf4</value>
         <object_component_ref idref="oc-606"/>
      </symbol>
      <symbol id="sm-56d">
         <name>Timer_A_stop</name>
         <value>0xeb4c</value>
         <object_component_ref idref="oc-60d"/>
      </symbol>
      <symbol id="sm-578">
         <name>WDT_A_hold</name>
         <value>0xe9c4</value>
         <object_component_ref idref="oc-42a"/>
      </symbol>
      <symbol id="sm-599">
         <name>sprintf</name>
         <value>0xe4e6</value>
         <object_component_ref idref="oc-465"/>
      </symbol>
      <symbol id="sm-5a5">
         <name>__mspabi_remi</name>
         <value>0xe70a</value>
         <object_component_ref idref="oc-67e"/>
      </symbol>
      <symbol id="sm-5a6">
         <name>__mspabi_divi</name>
         <value>0xe70a</value>
         <object_component_ref idref="oc-67e"/>
      </symbol>
      <symbol id="sm-5b0">
         <name>__mspabi_remu</name>
         <value>0xe9da</value>
         <object_component_ref idref="oc-6ed"/>
      </symbol>
      <symbol id="sm-5b1">
         <name>__mspabi_divu</name>
         <value>0xe9da</value>
         <object_component_ref idref="oc-6ed"/>
      </symbol>
      <symbol id="sm-5ce">
         <name>__mspabi_subf</name>
         <value>0xcf3c</value>
         <object_component_ref idref="oc-528"/>
      </symbol>
      <symbol id="sm-5cf">
         <name>__mspabi_addf</name>
         <value>0xcf42</value>
         <object_component_ref idref="oc-528"/>
      </symbol>
      <symbol id="sm-5e6">
         <name>__mspabi_mpyf</name>
         <value>0xd83e</value>
         <object_component_ref idref="oc-52d"/>
      </symbol>
      <symbol id="sm-5f5">
         <name>__mspabi_fixfu</name>
         <value>0xe22c</value>
         <object_component_ref idref="oc-532"/>
      </symbol>
      <symbol id="sm-5f8">
         <name>__TI_int45</name>
         <value>0xffe2</value>
         <object_component_ref idref="oc-70"/>
      </symbol>
      <symbol id="sm-5fb">
         <name>__TI_int46</name>
         <value>0xffe4</value>
         <object_component_ref idref="oc-71"/>
      </symbol>
      <symbol id="sm-5fe">
         <name>__TI_int49</name>
         <value>0xffea</value>
         <object_component_ref idref="oc-74"/>
      </symbol>
      <symbol id="sm-601">
         <name>__TI_int50</name>
         <value>0xffec</value>
         <object_component_ref idref="oc-75"/>
      </symbol>
      <symbol id="sm-604">
         <name>__TI_int51</name>
         <value>0xffee</value>
         <object_component_ref idref="oc-76"/>
      </symbol>
      <symbol id="sm-607">
         <name>__TI_int52</name>
         <value>0xfff0</value>
         <object_component_ref idref="oc-77"/>
      </symbol>
      <symbol id="sm-60a">
         <name>__TI_int54</name>
         <value>0xfff4</value>
         <object_component_ref idref="oc-79"/>
      </symbol>
      <symbol id="sm-60d">
         <name>__TI_int55</name>
         <value>0xfff6</value>
         <object_component_ref idref="oc-7a"/>
      </symbol>
      <symbol id="sm-610">
         <name>__TI_int56</name>
         <value>0xfff8</value>
         <object_component_ref idref="oc-7b"/>
      </symbol>
      <symbol id="sm-613">
         <name>__TI_int57</name>
         <value>0xfffa</value>
         <object_component_ref idref="oc-7c"/>
      </symbol>
      <symbol id="sm-616">
         <name>__TI_int58</name>
         <value>0xfffc</value>
         <object_component_ref idref="oc-7d"/>
      </symbol>
      <symbol id="sm-61e">
         <name>__TI_ISR_TRAP</name>
         <value>0xeb54</value>
         <object_component_ref idref="oc-299"/>
      </symbol>
      <symbol id="sm-627">
         <name>__mspabi_slli</name>
         <value>0xeb20</value>
         <object_component_ref idref="oc-662"/>
      </symbol>
      <symbol id="sm-630">
         <name>__mspabi_srli</name>
         <value>0xeb2a</value>
         <object_component_ref idref="oc-657"/>
      </symbol>
      <symbol id="sm-63a">
         <name>__mspabi_mpyl_sw</name>
         <value>0xe7d6</value>
         <object_component_ref idref="oc-6b9"/>
      </symbol>
      <symbol id="sm-63b">
         <name>__mspabi_mpyl</name>
         <value>0xe7d6</value>
         <object_component_ref idref="oc-6b9"/>
      </symbol>
      <symbol id="sm-64b">
         <name>_stack</name>
         <value>0x2760</value>
         <object_component_ref idref="oc-27b"/>
      </symbol>
      <symbol id="sm-64c">
         <name>_c_int00_noargs</name>
         <value>0xe89a</value>
         <object_component_ref idref="oc-2c2"/>
      </symbol>
      <symbol id="sm-64d">
         <name>_reset_vector</name>
         <value>0xfffe</value>
         <object_component_ref idref="oc-27e"/>
      </symbol>
      <symbol id="sm-66f">
         <name>__TI_auto_init_nobinit_nopinit_hold_wdt</name>
         <value>0xdd0a</value>
         <object_component_ref idref="oc-40a"/>
      </symbol>
      <symbol id="sm-67f">
         <name>__TI_zero_init_nomemset</name>
         <value>0xe3b2</value>
         <object_component_ref idref="oc-2b0"/>
      </symbol>
      <symbol id="sm-68a">
         <name>_system_pre_init</name>
         <value>0xeb88</value>
         <object_component_ref idref="oc-342"/>
      </symbol>
      <symbol id="sm-693">
         <name>_system_post_cinit</name>
         <value>0xeb8e</value>
         <object_component_ref idref="oc-4c8"/>
      </symbol>
      <symbol id="sm-6a4">
         <name>__TI_decompress_none</name>
         <value>0xe4aa</value>
         <object_component_ref idref="oc-6a"/>
      </symbol>
      <symbol id="sm-6c5">
         <name>__TI_decompress_lzss</name>
         <value>0xd17c</value>
         <object_component_ref idref="oc-64"/>
      </symbol>
      <symbol id="sm-6e4">
         <name>__mspabi_cmpd</name>
         <value>0xd516</value>
         <object_component_ref idref="oc-493"/>
      </symbol>
      <symbol id="sm-6f1">
         <name>__mspabi_fixdi</name>
         <value>0xe786</value>
         <object_component_ref idref="oc-486"/>
      </symbol>
      <symbol id="sm-700">
         <name>__mspabi_fixdli</name>
         <value>0xdeae</value>
         <object_component_ref idref="oc-5eb"/>
      </symbol>
      <symbol id="sm-709">
         <name>__mspabi_fltid</name>
         <value>0xeb00</value>
         <object_component_ref idref="oc-474"/>
      </symbol>
      <symbol id="sm-721">
         <name>__mspabi_fltlid</name>
         <value>0xdaea</value>
         <object_component_ref idref="oc-5d0"/>
      </symbol>
      <symbol id="sm-742">
         <name>__mspabi_mpyd</name>
         <value>0xca90</value>
         <object_component_ref idref="oc-480"/>
      </symbol>
      <symbol id="sm-74b">
         <name>__mspabi_subd</name>
         <value>0xe6dc</value>
         <object_component_ref idref="oc-47a"/>
      </symbol>
      <symbol id="sm-755">
         <name>C$$EXIT</name>
         <value>0xeb82</value>
         <object_component_ref idref="oc-3e6"/>
      </symbol>
      <symbol id="sm-756">
         <name>abort</name>
         <value>0xeb82</value>
         <object_component_ref idref="oc-3e6"/>
      </symbol>
      <symbol id="sm-76c">
         <name>_nop</name>
         <value>0xeb8c</value>
         <object_component_ref idref="oc-618"/>
      </symbol>
      <symbol id="sm-76d">
         <name>_lock</name>
         <value>0x20b8</value>
         <object_component_ref idref="oc-4ba"/>
      </symbol>
      <symbol id="sm-76e">
         <name>_unlock</name>
         <value>0x20bc</value>
         <object_component_ref idref="oc-4c3"/>
      </symbol>
      <symbol id="sm-77d">
         <name>memcpy</name>
         <value>0xea62</value>
         <object_component_ref idref="oc-502"/>
      </symbol>
      <symbol id="sm-7dc">
         <name>_sys_memory</name>
         <value>0x2000</value>
         <object_component_ref idref="oc-27f"/>
      </symbol>
      <symbol id="sm-7dd">
         <name>memalign</name>
         <value>0xd436</value>
         <object_component_ref idref="oc-6c8"/>
      </symbol>
      <symbol id="sm-7de">
         <name>malloc</name>
         <value>0xeb5c</value>
         <object_component_ref idref="oc-5f2"/>
      </symbol>
      <symbol id="sm-7df">
         <name>aligned_alloc</name>
         <value>0xd436</value>
         <object_component_ref idref="oc-6c8"/>
      </symbol>
      <symbol id="sm-7ed">
         <name>memset</name>
         <value>0xea04</value>
         <object_component_ref idref="oc-6f7"/>
      </symbol>
      <symbol id="sm-7fc">
         <name>strcat</name>
         <value>0xe93a</value>
         <object_component_ref idref="oc-5fe"/>
      </symbol>
      <symbol id="sm-809">
         <name>strcpy</name>
         <value>0xeaa4</value>
         <object_component_ref idref="oc-5f8"/>
      </symbol>
      <symbol id="sm-816">
         <name>strlen</name>
         <value>0xeac2</value>
         <object_component_ref idref="oc-5ab"/>
      </symbol>
      <symbol id="sm-85f">
         <name>__TI_printfi_minimal</name>
         <value>0xd354</value>
         <object_component_ref idref="oc-5c7"/>
      </symbol>
      <symbol id="sm-86a">
         <name>__memcpy_far</name>
         <value>0xe372</value>
         <object_component_ref idref="oc-28d"/>
      </symbol>
      <symbol id="sm-87a">
         <name>__mspabi_slll_9</name>
         <value>0xe446</value>
         <object_component_ref idref="oc-6a0"/>
      </symbol>
      <symbol id="sm-87b">
         <name>__mspabi_slll_8</name>
         <value>0xe44a</value>
         <object_component_ref idref="oc-6a0"/>
      </symbol>
      <symbol id="sm-87c">
         <name>__mspabi_slll_7</name>
         <value>0xe44e</value>
         <object_component_ref idref="oc-6a0"/>
      </symbol>
      <symbol id="sm-87d">
         <name>__mspabi_slll_6</name>
         <value>0xe452</value>
         <object_component_ref idref="oc-6a0"/>
      </symbol>
      <symbol id="sm-87e">
         <name>__mspabi_slll_5</name>
         <value>0xe456</value>
         <object_component_ref idref="oc-6a0"/>
      </symbol>
      <symbol id="sm-87f">
         <name>__mspabi_slll_4</name>
         <value>0xe45a</value>
         <object_component_ref idref="oc-6a0"/>
      </symbol>
      <symbol id="sm-880">
         <name>__mspabi_slll_3</name>
         <value>0xe45e</value>
         <object_component_ref idref="oc-6a0"/>
      </symbol>
      <symbol id="sm-881">
         <name>__mspabi_slll_2</name>
         <value>0xe462</value>
         <object_component_ref idref="oc-6a0"/>
      </symbol>
      <symbol id="sm-882">
         <name>__mspabi_slll_1</name>
         <value>0xe466</value>
         <object_component_ref idref="oc-6a0"/>
      </symbol>
      <symbol id="sm-883">
         <name>__mspabi_slll</name>
         <value>0xea84</value>
         <object_component_ref idref="oc-716"/>
      </symbol>
      <symbol id="sm-884">
         <name>__mspabi_slll_15</name>
         <value>0xe42e</value>
         <object_component_ref idref="oc-6a0"/>
      </symbol>
      <symbol id="sm-885">
         <name>__mspabi_slll_14</name>
         <value>0xe432</value>
         <object_component_ref idref="oc-6a0"/>
      </symbol>
      <symbol id="sm-886">
         <name>__mspabi_slll_13</name>
         <value>0xe436</value>
         <object_component_ref idref="oc-6a0"/>
      </symbol>
      <symbol id="sm-887">
         <name>__mspabi_slll_12</name>
         <value>0xe43a</value>
         <object_component_ref idref="oc-6a0"/>
      </symbol>
      <symbol id="sm-888">
         <name>__mspabi_slll_11</name>
         <value>0xe43e</value>
         <object_component_ref idref="oc-6a0"/>
      </symbol>
      <symbol id="sm-889">
         <name>__mspabi_slll_10</name>
         <value>0xe442</value>
         <object_component_ref idref="oc-6a0"/>
      </symbol>
      <symbol id="sm-899">
         <name>__mspabi_srll_8</name>
         <value>0xe488</value>
         <object_component_ref idref="oc-6a5"/>
      </symbol>
      <symbol id="sm-89a">
         <name>__mspabi_srll_9</name>
         <value>0xe484</value>
         <object_component_ref idref="oc-6a5"/>
      </symbol>
      <symbol id="sm-89b">
         <name>__mspabi_srll_6</name>
         <value>0xe490</value>
         <object_component_ref idref="oc-6a5"/>
      </symbol>
      <symbol id="sm-89c">
         <name>__mspabi_srll_7</name>
         <value>0xe48c</value>
         <object_component_ref idref="oc-6a5"/>
      </symbol>
      <symbol id="sm-89d">
         <name>__mspabi_srll_4</name>
         <value>0xe498</value>
         <object_component_ref idref="oc-6a5"/>
      </symbol>
      <symbol id="sm-89e">
         <name>__mspabi_srll_5</name>
         <value>0xe494</value>
         <object_component_ref idref="oc-6a5"/>
      </symbol>
      <symbol id="sm-89f">
         <name>__mspabi_srll_2</name>
         <value>0xe4a0</value>
         <object_component_ref idref="oc-6a5"/>
      </symbol>
      <symbol id="sm-8a0">
         <name>__mspabi_srll_3</name>
         <value>0xe49c</value>
         <object_component_ref idref="oc-6a5"/>
      </symbol>
      <symbol id="sm-8a1">
         <name>__mspabi_srll_1</name>
         <value>0xe4a4</value>
         <object_component_ref idref="oc-6a5"/>
      </symbol>
      <symbol id="sm-8a2">
         <name>__mspabi_srll_15</name>
         <value>0xe46c</value>
         <object_component_ref idref="oc-6a5"/>
      </symbol>
      <symbol id="sm-8a3">
         <name>__mspabi_srll_14</name>
         <value>0xe470</value>
         <object_component_ref idref="oc-6a5"/>
      </symbol>
      <symbol id="sm-8a4">
         <name>__mspabi_srll_13</name>
         <value>0xe474</value>
         <object_component_ref idref="oc-6a5"/>
      </symbol>
      <symbol id="sm-8a5">
         <name>__mspabi_srll_12</name>
         <value>0xe478</value>
         <object_component_ref idref="oc-6a5"/>
      </symbol>
      <symbol id="sm-8a6">
         <name>__mspabi_srll_11</name>
         <value>0xe47c</value>
         <object_component_ref idref="oc-6a5"/>
      </symbol>
      <symbol id="sm-8a7">
         <name>__mspabi_srll_10</name>
         <value>0xe480</value>
         <object_component_ref idref="oc-6a5"/>
      </symbol>
      <symbol id="sm-8a8">
         <name>__mspabi_srll</name>
         <value>0xea94</value>
         <object_component_ref idref="oc-6c2"/>
      </symbol>
      <symbol id="sm-8b2">
         <name>__mspabi_mpyi_sw</name>
         <value>0xea18</value>
         <object_component_ref idref="oc-637"/>
      </symbol>
      <symbol id="sm-8b3">
         <name>__mspabi_mpyi</name>
         <value>0xea18</value>
         <object_component_ref idref="oc-637"/>
      </symbol>
      <symbol id="sm-8d7">
         <name>__mspabi_addd</name>
         <value>0xc532</value>
         <object_component_ref idref="oc-5d7"/>
      </symbol>
      <symbol id="sm-8f8">
         <name>__TI_frcaddd</name>
         <value>0xccf4</value>
         <object_component_ref idref="oc-6ac"/>
      </symbol>
      <symbol id="sm-908">
         <name>__TI_frcmpyd</name>
         <value>0xc810</value>
         <object_component_ref idref="oc-5de"/>
      </symbol>
      <symbol id="sm-91c">
         <name>__TI_renormd</name>
         <value>0xd8f6</value>
         <object_component_ref idref="oc-720"/>
      </symbol>
      <symbol id="sm-92b">
         <name>memccpy</name>
         <value>0xe920</value>
         <object_component_ref idref="oc-704"/>
      </symbol>
      <symbol id="sm-93b">
         <name>__mspabi_sral</name>
         <value>0xea74</value>
         <object_component_ref idref="oc-71b"/>
      </symbol>
      <symbol id="sm-93c">
         <name>__mspabi_sral_15</name>
         <value>0xe3f0</value>
         <object_component_ref idref="oc-6b4"/>
      </symbol>
      <symbol id="sm-93d">
         <name>__mspabi_sral_14</name>
         <value>0xe3f4</value>
         <object_component_ref idref="oc-6b4"/>
      </symbol>
      <symbol id="sm-93e">
         <name>__mspabi_sral_13</name>
         <value>0xe3f8</value>
         <object_component_ref idref="oc-6b4"/>
      </symbol>
      <symbol id="sm-93f">
         <name>__mspabi_sral_12</name>
         <value>0xe3fc</value>
         <object_component_ref idref="oc-6b4"/>
      </symbol>
      <symbol id="sm-940">
         <name>__mspabi_sral_11</name>
         <value>0xe400</value>
         <object_component_ref idref="oc-6b4"/>
      </symbol>
      <symbol id="sm-941">
         <name>__mspabi_sral_10</name>
         <value>0xe404</value>
         <object_component_ref idref="oc-6b4"/>
      </symbol>
      <symbol id="sm-942">
         <name>__mspabi_sral_8</name>
         <value>0xe40c</value>
         <object_component_ref idref="oc-6b4"/>
      </symbol>
      <symbol id="sm-943">
         <name>__mspabi_sral_9</name>
         <value>0xe408</value>
         <object_component_ref idref="oc-6b4"/>
      </symbol>
      <symbol id="sm-944">
         <name>__mspabi_sral_6</name>
         <value>0xe414</value>
         <object_component_ref idref="oc-6b4"/>
      </symbol>
      <symbol id="sm-945">
         <name>__mspabi_sral_7</name>
         <value>0xe410</value>
         <object_component_ref idref="oc-6b4"/>
      </symbol>
      <symbol id="sm-946">
         <name>__mspabi_sral_4</name>
         <value>0xe41c</value>
         <object_component_ref idref="oc-6b4"/>
      </symbol>
      <symbol id="sm-947">
         <name>__mspabi_sral_5</name>
         <value>0xe418</value>
         <object_component_ref idref="oc-6b4"/>
      </symbol>
      <symbol id="sm-948">
         <name>__mspabi_sral_2</name>
         <value>0xe424</value>
         <object_component_ref idref="oc-6b4"/>
      </symbol>
      <symbol id="sm-949">
         <name>__mspabi_sral_3</name>
         <value>0xe420</value>
         <object_component_ref idref="oc-6b4"/>
      </symbol>
      <symbol id="sm-94a">
         <name>__mspabi_sral_1</name>
         <value>0xe428</value>
         <object_component_ref idref="oc-6b4"/>
      </symbol>
   </symbol_table>
   <title>Link successful</title>
</link_info>
